
Discarded input sections

 .group         0x0000000000000000        0xc /home/pengfei/felix-os/mini-os/build/Neoverse-N3/debug/common/debug/print.o
 .group         0x0000000000000000        0xc /home/pengfei/felix-os/mini-os/build/Neoverse-N3/debug/common/debug/print.o
 .group         0x0000000000000000        0xc /home/pengfei/felix-os/mini-os/build/Neoverse-N3/debug/common/debug/print.o
 .group         0x0000000000000000        0xc /home/pengfei/felix-os/mini-os/build/Neoverse-N3/debug/common/debug/print.o
 .group         0x0000000000000000        0xc /home/pengfei/felix-os/mini-os/build/Neoverse-N3/debug/common/debug/print.o
 .group         0x0000000000000000        0xc /home/pengfei/felix-os/mini-os/build/Neoverse-N3/debug/common/debug/print.o
 .group         0x0000000000000000        0xc /home/pengfei/felix-os/mini-os/build/Neoverse-N3/debug/common/debug/print.o
 .group         0x0000000000000000        0xc /home/pengfei/felix-os/mini-os/build/Neoverse-N3/debug/common/debug/print.o
 .comment       0x0000000000000000       0x45 /home/pengfei/felix-os/mini-os/build/Neoverse-N3/debug/common/debug/print.o
 .group         0x0000000000000000        0xc /home/pengfei/felix-os/mini-os/build/Neoverse-N3/debug/drivers/console/uart.o
 .group         0x0000000000000000        0xc /home/pengfei/felix-os/mini-os/build/Neoverse-N3/debug/drivers/console/uart.o
 .group         0x0000000000000000        0xc /home/pengfei/felix-os/mini-os/build/Neoverse-N3/debug/drivers/console/uart.o
 .group         0x0000000000000000        0xc /home/pengfei/felix-os/mini-os/build/Neoverse-N3/debug/drivers/console/uart.o
 .group         0x0000000000000000        0xc /home/pengfei/felix-os/mini-os/build/Neoverse-N3/debug/drivers/console/uart.o
 .group         0x0000000000000000        0xc /home/pengfei/felix-os/mini-os/build/Neoverse-N3/debug/drivers/console/uart.o
 .debug_macro   0x0000000000000000      0xa48 /home/pengfei/felix-os/mini-os/build/Neoverse-N3/debug/drivers/console/uart.o
 .debug_macro   0x0000000000000000       0x34 /home/pengfei/felix-os/mini-os/build/Neoverse-N3/debug/drivers/console/uart.o
 .debug_macro   0x0000000000000000       0x22 /home/pengfei/felix-os/mini-os/build/Neoverse-N3/debug/drivers/console/uart.o
 .debug_macro   0x0000000000000000      0x190 /home/pengfei/felix-os/mini-os/build/Neoverse-N3/debug/drivers/console/uart.o
 .debug_macro   0x0000000000000000      0x34e /home/pengfei/felix-os/mini-os/build/Neoverse-N3/debug/drivers/console/uart.o
 .debug_macro   0x0000000000000000       0x6a /home/pengfei/felix-os/mini-os/build/Neoverse-N3/debug/drivers/console/uart.o
 .comment       0x0000000000000000       0x45 /home/pengfei/felix-os/mini-os/build/Neoverse-N3/debug/drivers/console/uart.o
 .group         0x0000000000000000        0xc /home/pengfei/felix-os/mini-os/build/Neoverse-N3/debug/drivers/gic/gic.o
 .debug_macro   0x0000000000000000      0xa48 /home/pengfei/felix-os/mini-os/build/Neoverse-N3/debug/drivers/gic/gic.o
 .comment       0x0000000000000000       0x45 /home/pengfei/felix-os/mini-os/build/Neoverse-N3/debug/drivers/gic/gic.o
 .group         0x0000000000000000        0xc /home/pengfei/felix-os/mini-os/build/Neoverse-N3/debug/kernel/init/main.o
 .group         0x0000000000000000        0xc /home/pengfei/felix-os/mini-os/build/Neoverse-N3/debug/kernel/init/main.o
 .group         0x0000000000000000        0xc /home/pengfei/felix-os/mini-os/build/Neoverse-N3/debug/kernel/init/main.o
 .group         0x0000000000000000        0xc /home/pengfei/felix-os/mini-os/build/Neoverse-N3/debug/kernel/init/main.o
 .group         0x0000000000000000        0xc /home/pengfei/felix-os/mini-os/build/Neoverse-N3/debug/kernel/init/main.o
 .group         0x0000000000000000        0xc /home/pengfei/felix-os/mini-os/build/Neoverse-N3/debug/kernel/init/main.o
 .debug_macro   0x0000000000000000      0xa48 /home/pengfei/felix-os/mini-os/build/Neoverse-N3/debug/kernel/init/main.o
 .debug_macro   0x0000000000000000      0x34e /home/pengfei/felix-os/mini-os/build/Neoverse-N3/debug/kernel/init/main.o
 .debug_macro   0x0000000000000000       0x58 /home/pengfei/felix-os/mini-os/build/Neoverse-N3/debug/kernel/init/main.o
 .debug_macro   0x0000000000000000      0x190 /home/pengfei/felix-os/mini-os/build/Neoverse-N3/debug/kernel/init/main.o
 .debug_macro   0x0000000000000000       0x22 /home/pengfei/felix-os/mini-os/build/Neoverse-N3/debug/kernel/init/main.o
 .debug_macro   0x0000000000000000       0x34 /home/pengfei/felix-os/mini-os/build/Neoverse-N3/debug/kernel/init/main.o
 .comment       0x0000000000000000       0x45 /home/pengfei/felix-os/mini-os/build/Neoverse-N3/debug/kernel/init/main.o
 .group         0x0000000000000000        0xc /home/pengfei/felix-os/mini-os/build/Neoverse-N3/debug/kernel/lib/bitmap.o
 .group         0x0000000000000000        0xc /home/pengfei/felix-os/mini-os/build/Neoverse-N3/debug/kernel/lib/bitmap.o
 .group         0x0000000000000000        0xc /home/pengfei/felix-os/mini-os/build/Neoverse-N3/debug/kernel/lib/bitmap.o
 .group         0x0000000000000000        0xc /home/pengfei/felix-os/mini-os/build/Neoverse-N3/debug/kernel/lib/bitmap.o
 .debug_macro   0x0000000000000000      0xa48 /home/pengfei/felix-os/mini-os/build/Neoverse-N3/debug/kernel/lib/bitmap.o
 .debug_macro   0x0000000000000000       0x22 /home/pengfei/felix-os/mini-os/build/Neoverse-N3/debug/kernel/lib/bitmap.o
 .debug_macro   0x0000000000000000      0x190 /home/pengfei/felix-os/mini-os/build/Neoverse-N3/debug/kernel/lib/bitmap.o
 .debug_macro   0x0000000000000000      0x34e /home/pengfei/felix-os/mini-os/build/Neoverse-N3/debug/kernel/lib/bitmap.o
 .comment       0x0000000000000000       0x45 /home/pengfei/felix-os/mini-os/build/Neoverse-N3/debug/kernel/lib/bitmap.o
 .group         0x0000000000000000        0xc /home/pengfei/felix-os/mini-os/build/Neoverse-N3/debug/kernel/lib/ringbuffer.o
 .group         0x0000000000000000        0xc /home/pengfei/felix-os/mini-os/build/Neoverse-N3/debug/kernel/lib/ringbuffer.o
 .group         0x0000000000000000        0xc /home/pengfei/felix-os/mini-os/build/Neoverse-N3/debug/kernel/lib/ringbuffer.o
 .group         0x0000000000000000        0xc /home/pengfei/felix-os/mini-os/build/Neoverse-N3/debug/kernel/lib/ringbuffer.o
 .debug_macro   0x0000000000000000      0xa48 /home/pengfei/felix-os/mini-os/build/Neoverse-N3/debug/kernel/lib/ringbuffer.o
 .debug_macro   0x0000000000000000       0x22 /home/pengfei/felix-os/mini-os/build/Neoverse-N3/debug/kernel/lib/ringbuffer.o
 .debug_macro   0x0000000000000000      0x190 /home/pengfei/felix-os/mini-os/build/Neoverse-N3/debug/kernel/lib/ringbuffer.o
 .debug_macro   0x0000000000000000      0x34e /home/pengfei/felix-os/mini-os/build/Neoverse-N3/debug/kernel/lib/ringbuffer.o
 .comment       0x0000000000000000       0x45 /home/pengfei/felix-os/mini-os/build/Neoverse-N3/debug/kernel/lib/ringbuffer.o
 .group         0x0000000000000000        0xc /home/pengfei/felix-os/mini-os/build/Neoverse-N3/debug/kernel/lib/string.o
 .group         0x0000000000000000        0xc /home/pengfei/felix-os/mini-os/build/Neoverse-N3/debug/kernel/lib/string.o
 .debug_macro   0x0000000000000000      0xa48 /home/pengfei/felix-os/mini-os/build/Neoverse-N3/debug/kernel/lib/string.o
 .debug_macro   0x0000000000000000      0x190 /home/pengfei/felix-os/mini-os/build/Neoverse-N3/debug/kernel/lib/string.o
 .comment       0x0000000000000000       0x45 /home/pengfei/felix-os/mini-os/build/Neoverse-N3/debug/kernel/lib/string.o
 .group         0x0000000000000000        0xc /home/pengfei/felix-os/mini-os/build/Neoverse-N3/debug/kernel/lock/spinlock.o
 .group         0x0000000000000000        0xc /home/pengfei/felix-os/mini-os/build/Neoverse-N3/debug/kernel/lock/spinlock.o
 .group         0x0000000000000000        0xc /home/pengfei/felix-os/mini-os/build/Neoverse-N3/debug/kernel/lock/spinlock.o
 .group         0x0000000000000000        0xc /home/pengfei/felix-os/mini-os/build/Neoverse-N3/debug/kernel/lock/spinlock.o
 .debug_macro   0x0000000000000000      0xa48 /home/pengfei/felix-os/mini-os/build/Neoverse-N3/debug/kernel/lock/spinlock.o
 .debug_macro   0x0000000000000000       0x34 /home/pengfei/felix-os/mini-os/build/Neoverse-N3/debug/kernel/lock/spinlock.o
 .debug_macro   0x0000000000000000      0x34e /home/pengfei/felix-os/mini-os/build/Neoverse-N3/debug/kernel/lock/spinlock.o
 .debug_macro   0x0000000000000000       0x22 /home/pengfei/felix-os/mini-os/build/Neoverse-N3/debug/kernel/lock/spinlock.o
 .comment       0x0000000000000000       0x45 /home/pengfei/felix-os/mini-os/build/Neoverse-N3/debug/kernel/lock/spinlock.o
 .group         0x0000000000000000        0xc /home/pengfei/felix-os/mini-os/build/Neoverse-N3/debug/kernel/mm/early_mm.o
 .group         0x0000000000000000        0xc /home/pengfei/felix-os/mini-os/build/Neoverse-N3/debug/kernel/mm/early_mm.o
 .group         0x0000000000000000        0xc /home/pengfei/felix-os/mini-os/build/Neoverse-N3/debug/kernel/mm/early_mm.o
 .debug_macro   0x0000000000000000      0xa48 /home/pengfei/felix-os/mini-os/build/Neoverse-N3/debug/kernel/mm/early_mm.o
 .debug_macro   0x0000000000000000      0x190 /home/pengfei/felix-os/mini-os/build/Neoverse-N3/debug/kernel/mm/early_mm.o
 .debug_macro   0x0000000000000000      0x34e /home/pengfei/felix-os/mini-os/build/Neoverse-N3/debug/kernel/mm/early_mm.o
 .comment       0x0000000000000000       0x45 /home/pengfei/felix-os/mini-os/build/Neoverse-N3/debug/kernel/mm/early_mm.o
 .group         0x0000000000000000        0xc /home/pengfei/felix-os/mini-os/build/Neoverse-N3/debug/kernel/scheduler/scheduler.o
 .group         0x0000000000000000        0xc /home/pengfei/felix-os/mini-os/build/Neoverse-N3/debug/kernel/scheduler/scheduler.o
 .group         0x0000000000000000        0xc /home/pengfei/felix-os/mini-os/build/Neoverse-N3/debug/kernel/scheduler/scheduler.o
 .group         0x0000000000000000        0xc /home/pengfei/felix-os/mini-os/build/Neoverse-N3/debug/kernel/scheduler/scheduler.o
 .group         0x0000000000000000        0xc /home/pengfei/felix-os/mini-os/build/Neoverse-N3/debug/kernel/scheduler/scheduler.o
 .debug_macro   0x0000000000000000      0xa48 /home/pengfei/felix-os/mini-os/build/Neoverse-N3/debug/kernel/scheduler/scheduler.o
 .debug_macro   0x0000000000000000      0x190 /home/pengfei/felix-os/mini-os/build/Neoverse-N3/debug/kernel/scheduler/scheduler.o
 .debug_macro   0x0000000000000000      0x34e /home/pengfei/felix-os/mini-os/build/Neoverse-N3/debug/kernel/scheduler/scheduler.o
 .debug_macro   0x0000000000000000       0x22 /home/pengfei/felix-os/mini-os/build/Neoverse-N3/debug/kernel/scheduler/scheduler.o
 .debug_macro   0x0000000000000000       0x34 /home/pengfei/felix-os/mini-os/build/Neoverse-N3/debug/kernel/scheduler/scheduler.o
 .comment       0x0000000000000000       0x45 /home/pengfei/felix-os/mini-os/build/Neoverse-N3/debug/kernel/scheduler/scheduler.o
 .group         0x0000000000000000        0xc /home/pengfei/felix-os/mini-os/build/Neoverse-N3/debug/kernel/shell/shell.o
 .group         0x0000000000000000        0xc /home/pengfei/felix-os/mini-os/build/Neoverse-N3/debug/kernel/shell/shell.o
 .group         0x0000000000000000        0xc /home/pengfei/felix-os/mini-os/build/Neoverse-N3/debug/kernel/shell/shell.o
 .group         0x0000000000000000        0xc /home/pengfei/felix-os/mini-os/build/Neoverse-N3/debug/kernel/shell/shell.o
 .group         0x0000000000000000        0xc /home/pengfei/felix-os/mini-os/build/Neoverse-N3/debug/kernel/shell/shell.o
 .group         0x0000000000000000        0xc /home/pengfei/felix-os/mini-os/build/Neoverse-N3/debug/kernel/shell/shell.o
 .debug_macro   0x0000000000000000      0xa48 /home/pengfei/felix-os/mini-os/build/Neoverse-N3/debug/kernel/shell/shell.o
 .debug_macro   0x0000000000000000       0x22 /home/pengfei/felix-os/mini-os/build/Neoverse-N3/debug/kernel/shell/shell.o
 .debug_macro   0x0000000000000000      0x190 /home/pengfei/felix-os/mini-os/build/Neoverse-N3/debug/kernel/shell/shell.o
 .debug_macro   0x0000000000000000      0x34e /home/pengfei/felix-os/mini-os/build/Neoverse-N3/debug/kernel/shell/shell.o
 .debug_macro   0x0000000000000000       0x58 /home/pengfei/felix-os/mini-os/build/Neoverse-N3/debug/kernel/shell/shell.o
 .debug_macro   0x0000000000000000       0x34 /home/pengfei/felix-os/mini-os/build/Neoverse-N3/debug/kernel/shell/shell.o
 .comment       0x0000000000000000       0x45 /home/pengfei/felix-os/mini-os/build/Neoverse-N3/debug/kernel/shell/shell.o
 .group         0x0000000000000000        0xc /home/pengfei/felix-os/mini-os/build/Neoverse-N3/debug/kernel/smp/smp.o
 .group         0x0000000000000000        0xc /home/pengfei/felix-os/mini-os/build/Neoverse-N3/debug/kernel/smp/smp.o
 .group         0x0000000000000000        0xc /home/pengfei/felix-os/mini-os/build/Neoverse-N3/debug/kernel/smp/smp.o
 .group         0x0000000000000000        0xc /home/pengfei/felix-os/mini-os/build/Neoverse-N3/debug/kernel/smp/smp.o
 .group         0x0000000000000000        0xc /home/pengfei/felix-os/mini-os/build/Neoverse-N3/debug/kernel/smp/smp.o
 .group         0x0000000000000000        0xc /home/pengfei/felix-os/mini-os/build/Neoverse-N3/debug/kernel/smp/smp.o
 .debug_macro   0x0000000000000000      0xa48 /home/pengfei/felix-os/mini-os/build/Neoverse-N3/debug/kernel/smp/smp.o
 .debug_macro   0x0000000000000000       0x58 /home/pengfei/felix-os/mini-os/build/Neoverse-N3/debug/kernel/smp/smp.o
 .debug_macro   0x0000000000000000      0x190 /home/pengfei/felix-os/mini-os/build/Neoverse-N3/debug/kernel/smp/smp.o
 .debug_macro   0x0000000000000000      0x34e /home/pengfei/felix-os/mini-os/build/Neoverse-N3/debug/kernel/smp/smp.o
 .debug_macro   0x0000000000000000       0x22 /home/pengfei/felix-os/mini-os/build/Neoverse-N3/debug/kernel/smp/smp.o
 .debug_macro   0x0000000000000000       0x34 /home/pengfei/felix-os/mini-os/build/Neoverse-N3/debug/kernel/smp/smp.o
 .comment       0x0000000000000000       0x45 /home/pengfei/felix-os/mini-os/build/Neoverse-N3/debug/kernel/smp/smp.o
 .group         0x0000000000000000        0xc /home/pengfei/felix-os/mini-os/build/Neoverse-N3/debug/kernel/tests/test_core.o
 .debug_macro   0x0000000000000000      0xa48 /home/pengfei/felix-os/mini-os/build/Neoverse-N3/debug/kernel/tests/test_core.o
 .comment       0x0000000000000000       0x45 /home/pengfei/felix-os/mini-os/build/Neoverse-N3/debug/kernel/tests/test_core.o
 .group         0x0000000000000000        0xc /home/pengfei/felix-os/mini-os/build/Neoverse-N3/debug/kernel/topology/topology.o
 .group         0x0000000000000000        0xc /home/pengfei/felix-os/mini-os/build/Neoverse-N3/debug/kernel/topology/topology.o
 .group         0x0000000000000000        0xc /home/pengfei/felix-os/mini-os/build/Neoverse-N3/debug/kernel/topology/topology.o
 .group         0x0000000000000000        0xc /home/pengfei/felix-os/mini-os/build/Neoverse-N3/debug/kernel/topology/topology.o
 .group         0x0000000000000000        0xc /home/pengfei/felix-os/mini-os/build/Neoverse-N3/debug/kernel/topology/topology.o
 .debug_macro   0x0000000000000000      0xa48 /home/pengfei/felix-os/mini-os/build/Neoverse-N3/debug/kernel/topology/topology.o
 .debug_macro   0x0000000000000000       0x22 /home/pengfei/felix-os/mini-os/build/Neoverse-N3/debug/kernel/topology/topology.o
 .debug_macro   0x0000000000000000      0x190 /home/pengfei/felix-os/mini-os/build/Neoverse-N3/debug/kernel/topology/topology.o
 .debug_macro   0x0000000000000000      0x34e /home/pengfei/felix-os/mini-os/build/Neoverse-N3/debug/kernel/topology/topology.o
 .debug_macro   0x0000000000000000       0x34 /home/pengfei/felix-os/mini-os/build/Neoverse-N3/debug/kernel/topology/topology.o
 .comment       0x0000000000000000       0x45 /home/pengfei/felix-os/mini-os/build/Neoverse-N3/debug/kernel/topology/topology.o
 .group         0x0000000000000000        0xc /home/pengfei/felix-os/mini-os/build/Neoverse-N3/debug/plat/arm/Neoverse-N3/boot/plat_setup.o
 .debug_macro   0x0000000000000000      0xa48 /home/pengfei/felix-os/mini-os/build/Neoverse-N3/debug/plat/arm/Neoverse-N3/boot/plat_setup.o
 .comment       0x0000000000000000       0x45 /home/pengfei/felix-os/mini-os/build/Neoverse-N3/debug/plat/arm/Neoverse-N3/boot/plat_setup.o

Memory Configuration

Name             Origin             Length             Attributes
*default*        0x0000000000000000 0xffffffffffffffff

Linker script and memory map

LOAD /home/pengfei/felix-os/mini-os/build/Neoverse-N3/debug/common/debug/print.o
LOAD /home/pengfei/felix-os/mini-os/build/Neoverse-N3/debug/drivers/console/uart.o
LOAD /home/pengfei/felix-os/mini-os/build/Neoverse-N3/debug/drivers/gic/gic.o
LOAD /home/pengfei/felix-os/mini-os/build/Neoverse-N3/debug/kernel/init/main.o
LOAD /home/pengfei/felix-os/mini-os/build/Neoverse-N3/debug/kernel/lib/bitmap.o
LOAD /home/pengfei/felix-os/mini-os/build/Neoverse-N3/debug/kernel/lib/ringbuffer.o
LOAD /home/pengfei/felix-os/mini-os/build/Neoverse-N3/debug/kernel/lib/string.o
LOAD /home/pengfei/felix-os/mini-os/build/Neoverse-N3/debug/kernel/lock/spinlock.o
LOAD /home/pengfei/felix-os/mini-os/build/Neoverse-N3/debug/kernel/mm/early_mm.o
LOAD /home/pengfei/felix-os/mini-os/build/Neoverse-N3/debug/kernel/scheduler/scheduler.o
LOAD /home/pengfei/felix-os/mini-os/build/Neoverse-N3/debug/kernel/shell/shell.o
LOAD /home/pengfei/felix-os/mini-os/build/Neoverse-N3/debug/kernel/smp/smp.o
LOAD /home/pengfei/felix-os/mini-os/build/Neoverse-N3/debug/kernel/tests/test_core.o
LOAD /home/pengfei/felix-os/mini-os/build/Neoverse-N3/debug/kernel/topology/topology.o
LOAD /home/pengfei/felix-os/mini-os/build/Neoverse-N3/debug/plat/arm/Neoverse-N3/boot/plat_setup.o
LOAD /home/pengfei/felix-os/mini-os/build/Neoverse-N3/debug/arch/arm/aarch64/boot/entrypoint.o
LOAD /home/pengfei/felix-os/mini-os/build/Neoverse-N3/debug/arch/arm/aarch64/cpu/cpu_helpers.o
LOAD /home/pengfei/felix-os/mini-os/build/Neoverse-N3/debug/kernel/smp/secondary_entry.o
                0x00000000c0000000                . = 0xc0000000
                0x00000000c0000000                __image_start = .

.text           0x00000000c0000000     0x6964
 *(.text.boot)
 .text.boot     0x00000000c0000000       0x20 /home/pengfei/felix-os/mini-os/build/Neoverse-N3/debug/arch/arm/aarch64/boot/entrypoint.o
                0x00000000c0000000                _start
 .text.boot     0x00000000c0000020       0x30 /home/pengfei/felix-os/mini-os/build/Neoverse-N3/debug/kernel/smp/secondary_entry.o
                0x00000000c0000020                secondary_cpu_entrypoint
 *(.text*)
 .text          0x00000000c0000050     0x1e94 /home/pengfei/felix-os/mini-os/build/Neoverse-N3/debug/common/debug/print.o
                0x00000000c0001610                debug_vprintf
                0x00000000c0001c18                debug_printf
                0x00000000c0001ca4                mini_os_vprintf
                0x00000000c0001cf4                mini_os_printf
                0x00000000c0001d80                debug_console_init
                0x00000000c0001da4                debug_putc
                0x00000000c0001ddc                debug_puts
                0x00000000c0001e14                debug_write
                0x00000000c0001e54                debug_getc
                0x00000000c0001e68                debug_try_getc
                0x00000000c0001e7c                debug_put_hex64
                0x00000000c0001eb4                debug_flush
 .text          0x00000000c0001ee4      0x60c /home/pengfei/felix-os/mini-os/build/Neoverse-N3/debug/drivers/console/uart.o
                0x00000000c0002024                uart_is_configured
                0x00000000c0002078                uart_tx_ready
                0x00000000c00020d0                uart_rx_ready
                0x00000000c0002128                uart_init
                0x00000000c000226c                uart_putc
                0x00000000c00022d8                uart_puts
                0x00000000c0002340                uart_write
                0x00000000c00023a4                uart_try_getc
                0x00000000c00023ec                uart_getc
                0x00000000c0002438                uart_put_hex64
                0x00000000c0002498                uart_flush
 .text          0x00000000c00024f0        0x8 /home/pengfei/felix-os/mini-os/build/Neoverse-N3/debug/drivers/gic/gic.o
                0x00000000c00024f0                gic_init
 .text          0x00000000c00024f8      0x110 /home/pengfei/felix-os/mini-os/build/Neoverse-N3/debug/kernel/init/main.o
                0x00000000c00025e8                kernel_main
 .text          0x00000000c0002608       0xf4 /home/pengfei/felix-os/mini-os/build/Neoverse-N3/debug/kernel/lib/bitmap.o
                0x00000000c0002608                bitmap_set_bit
                0x00000000c000265c                bitmap_clear_bit
                0x00000000c00026b4                bitmap_test_bit
 .text          0x00000000c00026fc      0x1c8 /home/pengfei/felix-os/mini-os/build/Neoverse-N3/debug/kernel/lib/ringbuffer.o
                0x00000000c00026fc                ringbuffer_init
                0x00000000c0002748                ringbuffer_is_empty
                0x00000000c000276c                ringbuffer_is_full
                0x00000000c0002798                ringbuffer_push
                0x00000000c000282c                ringbuffer_pop
 .text          0x00000000c00028c4       0xc0 /home/pengfei/felix-os/mini-os/build/Neoverse-N3/debug/kernel/lib/string.o
                0x00000000c00028c4                mini_os_strlen
                0x00000000c0002914                mini_os_strcmp
 .text          0x00000000c0002984      0x2e0 /home/pengfei/felix-os/mini-os/build/Neoverse-N3/debug/kernel/lock/spinlock.o
                0x00000000c00029d4                spinlock_init
                0x00000000c0002a38                spinlock_try_lock
                0x00000000c0002c00                spinlock_lock
                0x00000000c0002c20                spinlock_unlock
 .text          0x00000000c0002c64      0x460 /home/pengfei/felix-os/mini-os/build/Neoverse-N3/debug/kernel/mm/early_mm.o
                0x00000000c0002ea0                early_mm_init
                0x00000000c0002f04                early_alloc
                0x00000000c0002f30                early_mm_alloc
                0x00000000c0002f64                early_mm_alloc_pages
                0x00000000c0002fa4                early_mm_default_region
                0x00000000c0002fb0                early_mm_get_stats
 .text          0x00000000c00030c4      0x3f0 /home/pengfei/felix-os/mini-os/build/Neoverse-N3/debug/kernel/scheduler/scheduler.o
                0x00000000c00032bc                scheduler_init
                0x00000000c0003380                scheduler_join_cpu
                0x00000000c0003434                scheduler_cpu_is_runnable
                0x00000000c0003460                scheduler_runnable_cpu_count
                0x00000000c0003470                scheduler_percpu_state
                0x00000000c00034a4                scheduler_bootstrap_object_count
 .text          0x00000000c00034b4     0x1b04 /home/pengfei/felix-os/mini-os/build/Neoverse-N3/debug/kernel/shell/shell.o
                0x00000000c0003fb4                shell_print_help
                0x00000000c0004e8c                shell_run
 .text          0x00000000c0004fb8     0x128c /home/pengfei/felix-os/mini-os/build/Neoverse-N3/debug/kernel/smp/smp.o
                0x00000000c00056e4                smp_start_result_name
                0x00000000c000578c                smp_init
                0x00000000c000590c                smp_task_enqueue_result_name
                0x00000000c0005984                smp_enqueue_task
                0x00000000c0005ad8                smp_pending_task_count
                0x00000000c0005b50                smp_start_cpu
                0x00000000c0005ffc                smp_cpu_state
                0x00000000c0006040                smp_online_cpu_count
                0x00000000c0006050                smp_secondary_cpu_online
                0x00000000c000614c                smp_secondary_entry
                0x00000000c0006238                smp_secondary_entrypoint
 .text          0x00000000c0006244        0x8 /home/pengfei/felix-os/mini-os/build/Neoverse-N3/debug/kernel/tests/test_core.o
                0x00000000c0006244                test_framework_init
 .text          0x00000000c000624c      0x718 /home/pengfei/felix-os/mini-os/build/Neoverse-N3/debug/kernel/topology/topology.o
                0x00000000c00062f4                topology_init
                0x00000000c0006464                topology_boot_cpu
                0x00000000c0006470                topology_cpu
                0x00000000c00064a8                topology_find_cpu_by_mpidr
                0x00000000c000653c                topology_cpu_capacity
                0x00000000c0006544                topology_present_cpu_count
                0x00000000c0006554                topology_online_cpu_count
                0x00000000c0006564                topology_mark_cpu_online
                0x00000000c00066ec                topology_register_cpu
                0x00000000c00067bc                topology_unregister_cpu
 .text          0x00000000c0006964        0x0 /home/pengfei/felix-os/mini-os/build/Neoverse-N3/debug/plat/arm/Neoverse-N3/boot/plat_setup.o
 .text          0x00000000c0006964        0x0 /home/pengfei/felix-os/mini-os/build/Neoverse-N3/debug/arch/arm/aarch64/boot/entrypoint.o
 .text          0x00000000c0006964        0x0 /home/pengfei/felix-os/mini-os/build/Neoverse-N3/debug/arch/arm/aarch64/cpu/cpu_helpers.o
 .text          0x00000000c0006964        0x0 /home/pengfei/felix-os/mini-os/build/Neoverse-N3/debug/kernel/smp/secondary_entry.o

.iplt           0x00000000c0006964        0x0
 .iplt          0x00000000c0006964        0x0 /home/pengfei/felix-os/mini-os/build/Neoverse-N3/debug/common/debug/print.o

.rodata         0x00000000c0006970     0x1865
 *(.rodata*)
 .rodata        0x00000000c0006970       0x31 /home/pengfei/felix-os/mini-os/build/Neoverse-N3/debug/common/debug/print.o
 *fill*         0x00000000c00069a1        0x7 
 .rodata        0x00000000c00069a8       0x11 /home/pengfei/felix-os/mini-os/build/Neoverse-N3/debug/drivers/console/uart.o
 *fill*         0x00000000c00069b9        0x7 
 .rodata        0x00000000c00069c0      0x1f2 /home/pengfei/felix-os/mini-os/build/Neoverse-N3/debug/kernel/init/main.o
 *fill*         0x00000000c0006bb2        0x6 
 .rodata        0x00000000c0006bb8       0x17 /home/pengfei/felix-os/mini-os/build/Neoverse-N3/debug/kernel/mm/early_mm.o
 *fill*         0x00000000c0006bcf        0x1 
 .rodata        0x00000000c0006bd0       0x2d /home/pengfei/felix-os/mini-os/build/Neoverse-N3/debug/kernel/scheduler/scheduler.o
 *fill*         0x00000000c0006bfd        0x3 
 .rodata        0x00000000c0006c00     0x14b1 /home/pengfei/felix-os/mini-os/build/Neoverse-N3/debug/kernel/shell/shell.o
 *fill*         0x00000000c00080b1        0x7 
 .rodata        0x00000000c00080b8      0x11d /home/pengfei/felix-os/mini-os/build/Neoverse-N3/debug/kernel/smp/smp.o

.rela.dyn       0x00000000c00081d8        0x0
 .rela.iplt     0x00000000c00081d8        0x0 /home/pengfei/felix-os/mini-os/build/Neoverse-N3/debug/common/debug/print.o
 .rela.text     0x00000000c00081d8        0x0 /home/pengfei/felix-os/mini-os/build/Neoverse-N3/debug/common/debug/print.o
 .rela.text.boot
                0x00000000c00081d8        0x0 /home/pengfei/felix-os/mini-os/build/Neoverse-N3/debug/common/debug/print.o

.data           0x00000000c00081e0       0x18
 *(.data*)
 .data          0x00000000c00081e0        0x0 /home/pengfei/felix-os/mini-os/build/Neoverse-N3/debug/common/debug/print.o
 .data          0x00000000c00081e0       0x10 /home/pengfei/felix-os/mini-os/build/Neoverse-N3/debug/drivers/console/uart.o
 .data          0x00000000c00081f0        0x0 /home/pengfei/felix-os/mini-os/build/Neoverse-N3/debug/drivers/gic/gic.o
 .data          0x00000000c00081f0        0x8 /home/pengfei/felix-os/mini-os/build/Neoverse-N3/debug/kernel/init/main.o
                0x00000000c00081f0                boot_magic
 .data          0x00000000c00081f8        0x0 /home/pengfei/felix-os/mini-os/build/Neoverse-N3/debug/kernel/lib/bitmap.o
 .data          0x00000000c00081f8        0x0 /home/pengfei/felix-os/mini-os/build/Neoverse-N3/debug/kernel/lib/ringbuffer.o
 .data          0x00000000c00081f8        0x0 /home/pengfei/felix-os/mini-os/build/Neoverse-N3/debug/kernel/lib/string.o
 .data          0x00000000c00081f8        0x0 /home/pengfei/felix-os/mini-os/build/Neoverse-N3/debug/kernel/lock/spinlock.o
 .data          0x00000000c00081f8        0x0 /home/pengfei/felix-os/mini-os/build/Neoverse-N3/debug/kernel/mm/early_mm.o
 .data          0x00000000c00081f8        0x0 /home/pengfei/felix-os/mini-os/build/Neoverse-N3/debug/kernel/scheduler/scheduler.o
 .data          0x00000000c00081f8        0x0 /home/pengfei/felix-os/mini-os/build/Neoverse-N3/debug/kernel/shell/shell.o
 .data          0x00000000c00081f8        0x0 /home/pengfei/felix-os/mini-os/build/Neoverse-N3/debug/kernel/smp/smp.o
 .data          0x00000000c00081f8        0x0 /home/pengfei/felix-os/mini-os/build/Neoverse-N3/debug/kernel/tests/test_core.o
 .data          0x00000000c00081f8        0x0 /home/pengfei/felix-os/mini-os/build/Neoverse-N3/debug/kernel/topology/topology.o
 .data          0x00000000c00081f8        0x0 /home/pengfei/felix-os/mini-os/build/Neoverse-N3/debug/plat/arm/Neoverse-N3/boot/plat_setup.o
 .data          0x00000000c00081f8        0x0 /home/pengfei/felix-os/mini-os/build/Neoverse-N3/debug/arch/arm/aarch64/boot/entrypoint.o
 .data          0x00000000c00081f8        0x0 /home/pengfei/felix-os/mini-os/build/Neoverse-N3/debug/arch/arm/aarch64/cpu/cpu_helpers.o
 .data          0x00000000c00081f8        0x0 /home/pengfei/felix-os/mini-os/build/Neoverse-N3/debug/kernel/smp/secondary_entry.o

.igot.plt       0x00000000c00081f8        0x0
 .igot.plt      0x00000000c00081f8        0x0 /home/pengfei/felix-os/mini-os/build/Neoverse-N3/debug/common/debug/print.o

.bss            0x00000000c0008200    0x20c60
                0x00000000c0008200                __bss_start = .
 *(.bss*)
 .bss           0x00000000c0008200       0x28 /home/pengfei/felix-os/mini-os/build/Neoverse-N3/debug/common/debug/print.o
 .bss           0x00000000c0008228        0x0 /home/pengfei/felix-os/mini-os/build/Neoverse-N3/debug/drivers/console/uart.o
 .bss           0x00000000c0008228        0x0 /home/pengfei/felix-os/mini-os/build/Neoverse-N3/debug/drivers/gic/gic.o
 .bss           0x00000000c0008228        0x0 /home/pengfei/felix-os/mini-os/build/Neoverse-N3/debug/kernel/init/main.o
 .bss           0x00000000c0008228        0x0 /home/pengfei/felix-os/mini-os/build/Neoverse-N3/debug/kernel/lib/bitmap.o
 .bss           0x00000000c0008228        0x0 /home/pengfei/felix-os/mini-os/build/Neoverse-N3/debug/kernel/lib/ringbuffer.o
 .bss           0x00000000c0008228        0x0 /home/pengfei/felix-os/mini-os/build/Neoverse-N3/debug/kernel/lib/string.o
 .bss           0x00000000c0008228        0x0 /home/pengfei/felix-os/mini-os/build/Neoverse-N3/debug/kernel/lock/spinlock.o
 .bss           0x00000000c0008228       0x48 /home/pengfei/felix-os/mini-os/build/Neoverse-N3/debug/kernel/mm/early_mm.o
 .bss           0x00000000c0008270       0x58 /home/pengfei/felix-os/mini-os/build/Neoverse-N3/debug/kernel/scheduler/scheduler.o
 .bss           0x00000000c00082c8        0x0 /home/pengfei/felix-os/mini-os/build/Neoverse-N3/debug/kernel/shell/shell.o
 *fill*         0x00000000c00082c8        0x8 
 .bss           0x00000000c00082d0    0x20a84 /home/pengfei/felix-os/mini-os/build/Neoverse-N3/debug/kernel/smp/smp.o
                0x00000000c00082d0                secondary_stacks
 .bss           0x00000000c0028d54        0x0 /home/pengfei/felix-os/mini-os/build/Neoverse-N3/debug/kernel/tests/test_core.o
 *fill*         0x00000000c0028d54        0x4 
 .bss           0x00000000c0028d58      0x108 /home/pengfei/felix-os/mini-os/build/Neoverse-N3/debug/kernel/topology/topology.o
 .bss           0x00000000c0028e60        0x0 /home/pengfei/felix-os/mini-os/build/Neoverse-N3/debug/plat/arm/Neoverse-N3/boot/plat_setup.o
 .bss           0x00000000c0028e60        0x0 /home/pengfei/felix-os/mini-os/build/Neoverse-N3/debug/arch/arm/aarch64/boot/entrypoint.o
 .bss           0x00000000c0028e60        0x0 /home/pengfei/felix-os/mini-os/build/Neoverse-N3/debug/arch/arm/aarch64/cpu/cpu_helpers.o
 .bss           0x00000000c0028e60        0x0 /home/pengfei/felix-os/mini-os/build/Neoverse-N3/debug/kernel/smp/secondary_entry.o
 *(COMMON)
                0x00000000c0028e60                __bss_end = .
                0x00000000c0028e60                . = ALIGN (0x10)

.stack          0x00000000c0028e60     0x4000
                0x00000000c002ce60                . = (. + 0x4000)
 *fill*         0x00000000c0028e60     0x4000 
                0x00000000c002ce60                __stack_top = .
                0x00000000c002ce80                . = ALIGN (0x40)

.heap           0x00000000c002ce80    0x20000
                0x00000000c002ce80                __heap_start = .
                0x00000000c004ce80                . = (. + 0x20000)
 *fill*         0x00000000c002ce80    0x20000 
                0x00000000c004ce80                __heap_end = .
                0x00000000c004ce80                __image_end = .

/DISCARD/
 *(.comment)
 *(.note*)
OUTPUT(/home/pengfei/felix-os/mini-os/build/Neoverse-N3/debug/mini-os.elf elf64-littleaarch64)
LOAD linker stubs

.debug_info     0x0000000000000000     0x39cf
 .debug_info    0x0000000000000000      0xa62 /home/pengfei/felix-os/mini-os/build/Neoverse-N3/debug/common/debug/print.o
 .debug_info    0x0000000000000a62      0x42d /home/pengfei/felix-os/mini-os/build/Neoverse-N3/debug/drivers/console/uart.o
 .debug_info    0x0000000000000e8f       0x4d /home/pengfei/felix-os/mini-os/build/Neoverse-N3/debug/drivers/gic/gic.o
 .debug_info    0x0000000000000edc      0x174 /home/pengfei/felix-os/mini-os/build/Neoverse-N3/debug/kernel/init/main.o
 .debug_info    0x0000000000001050      0x14c /home/pengfei/felix-os/mini-os/build/Neoverse-N3/debug/kernel/lib/bitmap.o
 .debug_info    0x000000000000119c      0x20e /home/pengfei/felix-os/mini-os/build/Neoverse-N3/debug/kernel/lib/ringbuffer.o
 .debug_info    0x00000000000013aa       0xf6 /home/pengfei/felix-os/mini-os/build/Neoverse-N3/debug/kernel/lib/string.o
 .debug_info    0x00000000000014a0      0x315 /home/pengfei/felix-os/mini-os/build/Neoverse-N3/debug/kernel/lock/spinlock.o
 .debug_info    0x00000000000017b5      0x4a5 /home/pengfei/felix-os/mini-os/build/Neoverse-N3/debug/kernel/mm/early_mm.o
 .debug_info    0x0000000000001c5a      0x421 /home/pengfei/felix-os/mini-os/build/Neoverse-N3/debug/kernel/scheduler/scheduler.o
 .debug_info    0x000000000000207b      0xa0f /home/pengfei/felix-os/mini-os/build/Neoverse-N3/debug/kernel/shell/shell.o
 .debug_info    0x0000000000002a8a      0xb2f /home/pengfei/felix-os/mini-os/build/Neoverse-N3/debug/kernel/smp/smp.o
 .debug_info    0x00000000000035b9       0x4d /home/pengfei/felix-os/mini-os/build/Neoverse-N3/debug/kernel/tests/test_core.o
 .debug_info    0x0000000000003606      0x3a7 /home/pengfei/felix-os/mini-os/build/Neoverse-N3/debug/kernel/topology/topology.o
 .debug_info    0x00000000000039ad       0x22 /home/pengfei/felix-os/mini-os/build/Neoverse-N3/debug/plat/arm/Neoverse-N3/boot/plat_setup.o

.debug_abbrev   0x0000000000000000     0x13c8
 .debug_abbrev  0x0000000000000000      0x26e /home/pengfei/felix-os/mini-os/build/Neoverse-N3/debug/common/debug/print.o
 .debug_abbrev  0x000000000000026e      0x1cc /home/pengfei/felix-os/mini-os/build/Neoverse-N3/debug/drivers/console/uart.o
 .debug_abbrev  0x000000000000043a       0x2f /home/pengfei/felix-os/mini-os/build/Neoverse-N3/debug/drivers/gic/gic.o
 .debug_abbrev  0x0000000000000469       0xe4 /home/pengfei/felix-os/mini-os/build/Neoverse-N3/debug/kernel/init/main.o
 .debug_abbrev  0x000000000000054d       0xc1 /home/pengfei/felix-os/mini-os/build/Neoverse-N3/debug/kernel/lib/bitmap.o
 .debug_abbrev  0x000000000000060e       0xea /home/pengfei/felix-os/mini-os/build/Neoverse-N3/debug/kernel/lib/ringbuffer.o
 .debug_abbrev  0x00000000000006f8       0xa6 /home/pengfei/felix-os/mini-os/build/Neoverse-N3/debug/kernel/lib/string.o
 .debug_abbrev  0x000000000000079e      0x170 /home/pengfei/felix-os/mini-os/build/Neoverse-N3/debug/kernel/lock/spinlock.o
 .debug_abbrev  0x000000000000090e      0x1b3 /home/pengfei/felix-os/mini-os/build/Neoverse-N3/debug/kernel/mm/early_mm.o
 .debug_abbrev  0x0000000000000ac1      0x19b /home/pengfei/felix-os/mini-os/build/Neoverse-N3/debug/kernel/scheduler/scheduler.o
 .debug_abbrev  0x0000000000000c5c      0x2a7 /home/pengfei/felix-os/mini-os/build/Neoverse-N3/debug/kernel/shell/shell.o
 .debug_abbrev  0x0000000000000f03      0x314 /home/pengfei/felix-os/mini-os/build/Neoverse-N3/debug/kernel/smp/smp.o
 .debug_abbrev  0x0000000000001217       0x2f /home/pengfei/felix-os/mini-os/build/Neoverse-N3/debug/kernel/tests/test_core.o
 .debug_abbrev  0x0000000000001246      0x170 /home/pengfei/felix-os/mini-os/build/Neoverse-N3/debug/kernel/topology/topology.o
 .debug_abbrev  0x00000000000013b6       0x12 /home/pengfei/felix-os/mini-os/build/Neoverse-N3/debug/plat/arm/Neoverse-N3/boot/plat_setup.o

.debug_aranges  0x0000000000000000      0x2c0
 .debug_aranges
                0x0000000000000000       0x30 /home/pengfei/felix-os/mini-os/build/Neoverse-N3/debug/common/debug/print.o
 .debug_aranges
                0x0000000000000030       0x30 /home/pengfei/felix-os/mini-os/build/Neoverse-N3/debug/drivers/console/uart.o
 .debug_aranges
                0x0000000000000060       0x30 /home/pengfei/felix-os/mini-os/build/Neoverse-N3/debug/drivers/gic/gic.o
 .debug_aranges
                0x0000000000000090       0x30 /home/pengfei/felix-os/mini-os/build/Neoverse-N3/debug/kernel/init/main.o
 .debug_aranges
                0x00000000000000c0       0x30 /home/pengfei/felix-os/mini-os/build/Neoverse-N3/debug/kernel/lib/bitmap.o
 .debug_aranges
                0x00000000000000f0       0x30 /home/pengfei/felix-os/mini-os/build/Neoverse-N3/debug/kernel/lib/ringbuffer.o
 .debug_aranges
                0x0000000000000120       0x30 /home/pengfei/felix-os/mini-os/build/Neoverse-N3/debug/kernel/lib/string.o
 .debug_aranges
                0x0000000000000150       0x30 /home/pengfei/felix-os/mini-os/build/Neoverse-N3/debug/kernel/lock/spinlock.o
 .debug_aranges
                0x0000000000000180       0x30 /home/pengfei/felix-os/mini-os/build/Neoverse-N3/debug/kernel/mm/early_mm.o
 .debug_aranges
                0x00000000000001b0       0x30 /home/pengfei/felix-os/mini-os/build/Neoverse-N3/debug/kernel/scheduler/scheduler.o
 .debug_aranges
                0x00000000000001e0       0x30 /home/pengfei/felix-os/mini-os/build/Neoverse-N3/debug/kernel/shell/shell.o
 .debug_aranges
                0x0000000000000210       0x30 /home/pengfei/felix-os/mini-os/build/Neoverse-N3/debug/kernel/smp/smp.o
 .debug_aranges
                0x0000000000000240       0x30 /home/pengfei/felix-os/mini-os/build/Neoverse-N3/debug/kernel/tests/test_core.o
 .debug_aranges
                0x0000000000000270       0x30 /home/pengfei/felix-os/mini-os/build/Neoverse-N3/debug/kernel/topology/topology.o
 .debug_aranges
                0x00000000000002a0       0x20 /home/pengfei/felix-os/mini-os/build/Neoverse-N3/debug/plat/arm/Neoverse-N3/boot/plat_setup.o

.debug_macro    0x0000000000000000     0x15f4
 .debug_macro   0x0000000000000000       0xc6 /home/pengfei/felix-os/mini-os/build/Neoverse-N3/debug/common/debug/print.o
 .debug_macro   0x00000000000000c6      0xa48 /home/pengfei/felix-os/mini-os/build/Neoverse-N3/debug/common/debug/print.o
 .debug_macro   0x0000000000000b0e       0x58 /home/pengfei/felix-os/mini-os/build/Neoverse-N3/debug/common/debug/print.o
 .debug_macro   0x0000000000000b66      0x190 /home/pengfei/felix-os/mini-os/build/Neoverse-N3/debug/common/debug/print.o
 .debug_macro   0x0000000000000cf6      0x34e /home/pengfei/felix-os/mini-os/build/Neoverse-N3/debug/common/debug/print.o
 .debug_macro   0x0000000000001044       0x22 /home/pengfei/felix-os/mini-os/build/Neoverse-N3/debug/common/debug/print.o
 .debug_macro   0x0000000000001066       0x34 /home/pengfei/felix-os/mini-os/build/Neoverse-N3/debug/common/debug/print.o
 .debug_macro   0x000000000000109a       0x6a /home/pengfei/felix-os/mini-os/build/Neoverse-N3/debug/common/debug/print.o
 .debug_macro   0x0000000000001104       0x10 /home/pengfei/felix-os/mini-os/build/Neoverse-N3/debug/common/debug/print.o
 .debug_macro   0x0000000000001114       0x4e /home/pengfei/felix-os/mini-os/build/Neoverse-N3/debug/drivers/console/uart.o
 .debug_macro   0x0000000000001162       0x1b /home/pengfei/felix-os/mini-os/build/Neoverse-N3/debug/drivers/gic/gic.o
 .debug_macro   0x000000000000117d       0xb8 /home/pengfei/felix-os/mini-os/build/Neoverse-N3/debug/kernel/init/main.o
 .debug_macro   0x0000000000001235       0x46 /home/pengfei/felix-os/mini-os/build/Neoverse-N3/debug/kernel/lib/bitmap.o
 .debug_macro   0x000000000000127b       0x40 /home/pengfei/felix-os/mini-os/build/Neoverse-N3/debug/kernel/lib/ringbuffer.o
 .debug_macro   0x00000000000012bb       0x24 /home/pengfei/felix-os/mini-os/build/Neoverse-N3/debug/kernel/lib/string.o
 .debug_macro   0x00000000000012df       0x50 /home/pengfei/felix-os/mini-os/build/Neoverse-N3/debug/kernel/lock/spinlock.o
 .debug_macro   0x000000000000132f       0x41 /home/pengfei/felix-os/mini-os/build/Neoverse-N3/debug/kernel/mm/early_mm.o
 .debug_macro   0x0000000000001370       0x71 /home/pengfei/felix-os/mini-os/build/Neoverse-N3/debug/kernel/scheduler/scheduler.o
 .debug_macro   0x00000000000013e1       0xba /home/pengfei/felix-os/mini-os/build/Neoverse-N3/debug/kernel/shell/shell.o
 .debug_macro   0x000000000000149b       0xba /home/pengfei/felix-os/mini-os/build/Neoverse-N3/debug/kernel/smp/smp.o
 .debug_macro   0x0000000000001555       0x1b /home/pengfei/felix-os/mini-os/build/Neoverse-N3/debug/kernel/tests/test_core.o
 .debug_macro   0x0000000000001570       0x73 /home/pengfei/felix-os/mini-os/build/Neoverse-N3/debug/kernel/topology/topology.o
 .debug_macro   0x00000000000015e3       0x11 /home/pengfei/felix-os/mini-os/build/Neoverse-N3/debug/plat/arm/Neoverse-N3/boot/plat_setup.o

.debug_line     0x0000000000000000     0x22dd
 .debug_line    0x0000000000000000      0x735 /home/pengfei/felix-os/mini-os/build/Neoverse-N3/debug/common/debug/print.o
 .debug_line    0x0000000000000735      0x2f2 /home/pengfei/felix-os/mini-os/build/Neoverse-N3/debug/drivers/console/uart.o
 .debug_line    0x0000000000000a27       0x57 /home/pengfei/felix-os/mini-os/build/Neoverse-N3/debug/drivers/gic/gic.o
 .debug_line    0x0000000000000a7e       0xd5 /home/pengfei/felix-os/mini-os/build/Neoverse-N3/debug/kernel/init/main.o
 .debug_line    0x0000000000000b53       0xac /home/pengfei/felix-os/mini-os/build/Neoverse-N3/debug/kernel/lib/bitmap.o
 .debug_line    0x0000000000000bff       0xff /home/pengfei/felix-os/mini-os/build/Neoverse-N3/debug/kernel/lib/ringbuffer.o
 .debug_line    0x0000000000000cfe       0xa9 /home/pengfei/felix-os/mini-os/build/Neoverse-N3/debug/kernel/lib/string.o
 .debug_line    0x0000000000000da7      0x169 /home/pengfei/felix-os/mini-os/build/Neoverse-N3/debug/kernel/lock/spinlock.o
 .debug_line    0x0000000000000f10      0x19d /home/pengfei/felix-os/mini-os/build/Neoverse-N3/debug/kernel/mm/early_mm.o
 .debug_line    0x00000000000010ad      0x1ae /home/pengfei/felix-os/mini-os/build/Neoverse-N3/debug/kernel/scheduler/scheduler.o
 .debug_line    0x000000000000125b      0x90f /home/pengfei/felix-os/mini-os/build/Neoverse-N3/debug/kernel/shell/shell.o
 .debug_line    0x0000000000001b6a      0x4c9 /home/pengfei/felix-os/mini-os/build/Neoverse-N3/debug/kernel/smp/smp.o
 .debug_line    0x0000000000002033       0x57 /home/pengfei/felix-os/mini-os/build/Neoverse-N3/debug/kernel/tests/test_core.o
 .debug_line    0x000000000000208a      0x219 /home/pengfei/felix-os/mini-os/build/Neoverse-N3/debug/kernel/topology/topology.o
 .debug_line    0x00000000000022a3       0x3a /home/pengfei/felix-os/mini-os/build/Neoverse-N3/debug/plat/arm/Neoverse-N3/boot/plat_setup.o

.debug_str      0x0000000000000000     0x5602
 .debug_str     0x0000000000000000     0x5602 /home/pengfei/felix-os/mini-os/build/Neoverse-N3/debug/common/debug/print.o
                                       0x48be (size before relaxing)
 .debug_str     0x0000000000005602     0x442b /home/pengfei/felix-os/mini-os/build/Neoverse-N3/debug/drivers/console/uart.o
 .debug_str     0x0000000000005602     0x32cc /home/pengfei/felix-os/mini-os/build/Neoverse-N3/debug/drivers/gic/gic.o
 .debug_str     0x0000000000005602     0x44b5 /home/pengfei/felix-os/mini-os/build/Neoverse-N3/debug/kernel/init/main.o
 .debug_str     0x0000000000005602     0x416f /home/pengfei/felix-os/mini-os/build/Neoverse-N3/debug/kernel/lib/bitmap.o
 .debug_str     0x0000000000005602     0x41a6 /home/pengfei/felix-os/mini-os/build/Neoverse-N3/debug/kernel/lib/ringbuffer.o
 .debug_str     0x0000000000005602     0x367a /home/pengfei/felix-os/mini-os/build/Neoverse-N3/debug/kernel/lib/string.o
 .debug_str     0x0000000000005602     0x3fcf /home/pengfei/felix-os/mini-os/build/Neoverse-N3/debug/kernel/lock/spinlock.o
 .debug_str     0x0000000000005602     0x42bf /home/pengfei/felix-os/mini-os/build/Neoverse-N3/debug/kernel/mm/early_mm.o
 .debug_str     0x0000000000005602     0x445f /home/pengfei/felix-os/mini-os/build/Neoverse-N3/debug/kernel/scheduler/scheduler.o
 .debug_str     0x0000000000005602     0x4985 /home/pengfei/felix-os/mini-os/build/Neoverse-N3/debug/kernel/shell/shell.o
 .debug_str     0x0000000000005602     0x49e9 /home/pengfei/felix-os/mini-os/build/Neoverse-N3/debug/kernel/smp/smp.o
 .debug_str     0x0000000000005602     0x32cd /home/pengfei/felix-os/mini-os/build/Neoverse-N3/debug/kernel/tests/test_core.o
 .debug_str     0x0000000000005602     0x4408 /home/pengfei/felix-os/mini-os/build/Neoverse-N3/debug/kernel/topology/topology.o
 .debug_str     0x0000000000005602     0x32aa /home/pengfei/felix-os/mini-os/build/Neoverse-N3/debug/plat/arm/Neoverse-N3/boot/plat_setup.o

.debug_line_str
                0x0000000000000000      0x802
 .debug_line_str
                0x0000000000000000      0x802 /home/pengfei/felix-os/mini-os/build/Neoverse-N3/debug/common/debug/print.o
                                        0x255 (size before relaxing)
 .debug_line_str
                0x0000000000000802      0x1cf /home/pengfei/felix-os/mini-os/build/Neoverse-N3/debug/drivers/console/uart.o
 .debug_line_str
                0x0000000000000802       0xe5 /home/pengfei/felix-os/mini-os/build/Neoverse-N3/debug/drivers/gic/gic.o
 .debug_line_str
                0x0000000000000802      0x272 /home/pengfei/felix-os/mini-os/build/Neoverse-N3/debug/kernel/init/main.o
 .debug_line_str
                0x0000000000000802      0x17d /home/pengfei/felix-os/mini-os/build/Neoverse-N3/debug/kernel/lib/bitmap.o
 .debug_line_str
                0x0000000000000802      0x18d /home/pengfei/felix-os/mini-os/build/Neoverse-N3/debug/kernel/lib/ringbuffer.o
 .debug_line_str
                0x0000000000000802      0x15d /home/pengfei/felix-os/mini-os/build/Neoverse-N3/debug/kernel/lib/string.o
 .debug_line_str
                0x0000000000000802      0x1d0 /home/pengfei/felix-os/mini-os/build/Neoverse-N3/debug/kernel/lock/spinlock.o
 .debug_line_str
                0x0000000000000802      0x175 /home/pengfei/felix-os/mini-os/build/Neoverse-N3/debug/kernel/mm/early_mm.o
 .debug_line_str
                0x0000000000000802      0x222 /home/pengfei/felix-os/mini-os/build/Neoverse-N3/debug/kernel/scheduler/scheduler.o
 .debug_line_str
                0x0000000000000802      0x231 /home/pengfei/felix-os/mini-os/build/Neoverse-N3/debug/kernel/shell/shell.o
 .debug_line_str
                0x0000000000000802      0x21f /home/pengfei/felix-os/mini-os/build/Neoverse-N3/debug/kernel/smp/smp.o
 .debug_line_str
                0x0000000000000802       0xef /home/pengfei/felix-os/mini-os/build/Neoverse-N3/debug/kernel/tests/test_core.o
 .debug_line_str
                0x0000000000000802      0x1d6 /home/pengfei/felix-os/mini-os/build/Neoverse-N3/debug/kernel/topology/topology.o
 .debug_line_str
                0x0000000000000802       0xd7 /home/pengfei/felix-os/mini-os/build/Neoverse-N3/debug/plat/arm/Neoverse-N3/boot/plat_setup.o

.debug_frame    0x0000000000000000     0x14d8
 .debug_frame   0x0000000000000000      0x3d8 /home/pengfei/felix-os/mini-os/build/Neoverse-N3/debug/common/debug/print.o
 .debug_frame   0x00000000000003d8      0x248 /home/pengfei/felix-os/mini-os/build/Neoverse-N3/debug/drivers/console/uart.o
 .debug_frame   0x0000000000000620       0x28 /home/pengfei/felix-os/mini-os/build/Neoverse-N3/debug/drivers/gic/gic.o
 .debug_frame   0x0000000000000648       0x88 /home/pengfei/felix-os/mini-os/build/Neoverse-N3/debug/kernel/init/main.o
 .debug_frame   0x00000000000006d0       0x70 /home/pengfei/felix-os/mini-os/build/Neoverse-N3/debug/kernel/lib/bitmap.o
 .debug_frame   0x0000000000000740       0xc0 /home/pengfei/felix-os/mini-os/build/Neoverse-N3/debug/kernel/lib/ringbuffer.o
 .debug_frame   0x0000000000000800       0x50 /home/pengfei/felix-os/mini-os/build/Neoverse-N3/debug/kernel/lib/string.o
 .debug_frame   0x0000000000000850       0xf0 /home/pengfei/felix-os/mini-os/build/Neoverse-N3/debug/kernel/lock/spinlock.o
 .debug_frame   0x0000000000000940      0x170 /home/pengfei/felix-os/mini-os/build/Neoverse-N3/debug/kernel/mm/early_mm.o
 .debug_frame   0x0000000000000ab0      0x150 /home/pengfei/felix-os/mini-os/build/Neoverse-N3/debug/kernel/scheduler/scheduler.o
 .debug_frame   0x0000000000000c00      0x390 /home/pengfei/felix-os/mini-os/build/Neoverse-N3/debug/kernel/shell/shell.o
 .debug_frame   0x0000000000000f90      0x3a0 /home/pengfei/felix-os/mini-os/build/Neoverse-N3/debug/kernel/smp/smp.o
 .debug_frame   0x0000000000001330       0x28 /home/pengfei/felix-os/mini-os/build/Neoverse-N3/debug/kernel/tests/test_core.o
 .debug_frame   0x0000000000001358      0x180 /home/pengfei/felix-os/mini-os/build/Neoverse-N3/debug/kernel/topology/topology.o
