
Discarded input sections

 .group         0x0000000000000000        0xc /home/pengfei/felix-os/mini-os/build/Neoverse-N3/debug/common/debug/print.o
 .group         0x0000000000000000        0xc /home/pengfei/felix-os/mini-os/build/Neoverse-N3/debug/common/debug/print.o
 .group         0x0000000000000000        0xc /home/pengfei/felix-os/mini-os/build/Neoverse-N3/debug/common/debug/print.o
 .group         0x0000000000000000        0xc /home/pengfei/felix-os/mini-os/build/Neoverse-N3/debug/common/debug/print.o
 .group         0x0000000000000000        0xc /home/pengfei/felix-os/mini-os/build/Neoverse-N3/debug/common/debug/print.o
 .group         0x0000000000000000        0xc /home/pengfei/felix-os/mini-os/build/Neoverse-N3/debug/common/debug/print.o
 .group         0x0000000000000000        0xc /home/pengfei/felix-os/mini-os/build/Neoverse-N3/debug/common/debug/print.o
 .comment       0x0000000000000000       0x45 /home/pengfei/felix-os/mini-os/build/Neoverse-N3/debug/common/debug/print.o
 .group         0x0000000000000000        0xc /home/pengfei/felix-os/mini-os/build/Neoverse-N3/debug/drivers/console/uart.o
 .group         0x0000000000000000        0xc /home/pengfei/felix-os/mini-os/build/Neoverse-N3/debug/drivers/console/uart.o
 .group         0x0000000000000000        0xc /home/pengfei/felix-os/mini-os/build/Neoverse-N3/debug/drivers/console/uart.o
 .group         0x0000000000000000        0xc /home/pengfei/felix-os/mini-os/build/Neoverse-N3/debug/drivers/console/uart.o
 .group         0x0000000000000000        0xc /home/pengfei/felix-os/mini-os/build/Neoverse-N3/debug/drivers/console/uart.o
 .group         0x0000000000000000        0xc /home/pengfei/felix-os/mini-os/build/Neoverse-N3/debug/drivers/console/uart.o
 .debug_macro   0x0000000000000000      0xa48 /home/pengfei/felix-os/mini-os/build/Neoverse-N3/debug/drivers/console/uart.o
 .debug_macro   0x0000000000000000       0x28 /home/pengfei/felix-os/mini-os/build/Neoverse-N3/debug/drivers/console/uart.o
 .debug_macro   0x0000000000000000       0x22 /home/pengfei/felix-os/mini-os/build/Neoverse-N3/debug/drivers/console/uart.o
 .debug_macro   0x0000000000000000      0x190 /home/pengfei/felix-os/mini-os/build/Neoverse-N3/debug/drivers/console/uart.o
 .debug_macro   0x0000000000000000      0x34e /home/pengfei/felix-os/mini-os/build/Neoverse-N3/debug/drivers/console/uart.o
 .debug_macro   0x0000000000000000       0x6a /home/pengfei/felix-os/mini-os/build/Neoverse-N3/debug/drivers/console/uart.o
 .comment       0x0000000000000000       0x45 /home/pengfei/felix-os/mini-os/build/Neoverse-N3/debug/drivers/console/uart.o
 .group         0x0000000000000000        0xc /home/pengfei/felix-os/mini-os/build/Neoverse-N3/debug/kernel/init/main.o
 .group         0x0000000000000000        0xc /home/pengfei/felix-os/mini-os/build/Neoverse-N3/debug/kernel/init/main.o
 .group         0x0000000000000000        0xc /home/pengfei/felix-os/mini-os/build/Neoverse-N3/debug/kernel/init/main.o
 .group         0x0000000000000000        0xc /home/pengfei/felix-os/mini-os/build/Neoverse-N3/debug/kernel/init/main.o
 .group         0x0000000000000000        0xc /home/pengfei/felix-os/mini-os/build/Neoverse-N3/debug/kernel/init/main.o
 .debug_macro   0x0000000000000000      0xa48 /home/pengfei/felix-os/mini-os/build/Neoverse-N3/debug/kernel/init/main.o
 .debug_macro   0x0000000000000000      0x34e /home/pengfei/felix-os/mini-os/build/Neoverse-N3/debug/kernel/init/main.o
 .debug_macro   0x0000000000000000       0x58 /home/pengfei/felix-os/mini-os/build/Neoverse-N3/debug/kernel/init/main.o
 .debug_macro   0x0000000000000000      0x190 /home/pengfei/felix-os/mini-os/build/Neoverse-N3/debug/kernel/init/main.o
 .debug_macro   0x0000000000000000       0x28 /home/pengfei/felix-os/mini-os/build/Neoverse-N3/debug/kernel/init/main.o
 .comment       0x0000000000000000       0x45 /home/pengfei/felix-os/mini-os/build/Neoverse-N3/debug/kernel/init/main.o
 .group         0x0000000000000000        0xc /home/pengfei/felix-os/mini-os/build/Neoverse-N3/debug/kernel/shell/shell.o
 .group         0x0000000000000000        0xc /home/pengfei/felix-os/mini-os/build/Neoverse-N3/debug/kernel/shell/shell.o
 .group         0x0000000000000000        0xc /home/pengfei/felix-os/mini-os/build/Neoverse-N3/debug/kernel/shell/shell.o
 .group         0x0000000000000000        0xc /home/pengfei/felix-os/mini-os/build/Neoverse-N3/debug/kernel/shell/shell.o
 .group         0x0000000000000000        0xc /home/pengfei/felix-os/mini-os/build/Neoverse-N3/debug/kernel/shell/shell.o
 .group         0x0000000000000000        0xc /home/pengfei/felix-os/mini-os/build/Neoverse-N3/debug/kernel/shell/shell.o
 .debug_macro   0x0000000000000000      0xa48 /home/pengfei/felix-os/mini-os/build/Neoverse-N3/debug/kernel/shell/shell.o
 .debug_macro   0x0000000000000000       0x22 /home/pengfei/felix-os/mini-os/build/Neoverse-N3/debug/kernel/shell/shell.o
 .debug_macro   0x0000000000000000      0x190 /home/pengfei/felix-os/mini-os/build/Neoverse-N3/debug/kernel/shell/shell.o
 .debug_macro   0x0000000000000000      0x34e /home/pengfei/felix-os/mini-os/build/Neoverse-N3/debug/kernel/shell/shell.o
 .debug_macro   0x0000000000000000       0x58 /home/pengfei/felix-os/mini-os/build/Neoverse-N3/debug/kernel/shell/shell.o
 .debug_macro   0x0000000000000000       0x28 /home/pengfei/felix-os/mini-os/build/Neoverse-N3/debug/kernel/shell/shell.o
 .comment       0x0000000000000000       0x45 /home/pengfei/felix-os/mini-os/build/Neoverse-N3/debug/kernel/shell/shell.o
 .group         0x0000000000000000        0xc /home/pengfei/felix-os/mini-os/build/Neoverse-N3/debug/plat/arm/Neoverse-N3/boot/plat_setup.o
 .debug_macro   0x0000000000000000      0xa48 /home/pengfei/felix-os/mini-os/build/Neoverse-N3/debug/plat/arm/Neoverse-N3/boot/plat_setup.o
 .comment       0x0000000000000000       0x45 /home/pengfei/felix-os/mini-os/build/Neoverse-N3/debug/plat/arm/Neoverse-N3/boot/plat_setup.o

Memory Configuration

Name             Origin             Length             Attributes
*default*        0x0000000000000000 0xffffffffffffffff

Linker script and memory map

LOAD /home/pengfei/felix-os/mini-os/build/Neoverse-N3/debug/common/debug/print.o
LOAD /home/pengfei/felix-os/mini-os/build/Neoverse-N3/debug/drivers/console/uart.o
LOAD /home/pengfei/felix-os/mini-os/build/Neoverse-N3/debug/kernel/init/main.o
LOAD /home/pengfei/felix-os/mini-os/build/Neoverse-N3/debug/kernel/shell/shell.o
LOAD /home/pengfei/felix-os/mini-os/build/Neoverse-N3/debug/plat/arm/Neoverse-N3/boot/plat_setup.o
LOAD /home/pengfei/felix-os/mini-os/build/Neoverse-N3/debug/arch/arm/aarch64/boot/entrypoint.o
LOAD /home/pengfei/felix-os/mini-os/build/Neoverse-N3/debug/arch/arm/aarch64/cpu/cpu_helpers.o
                0x0000000088000000                . = 0x88000000
                0x0000000088000000                __image_start = .

.text           0x0000000088000000     0x2bac
 *(.text.boot)
 .text.boot     0x0000000088000000       0x20 /home/pengfei/felix-os/mini-os/build/Neoverse-N3/debug/arch/arm/aarch64/boot/entrypoint.o
                0x0000000088000000                _start
 *(.text*)
 .text          0x0000000088000020     0x1dd8 /home/pengfei/felix-os/mini-os/build/Neoverse-N3/debug/common/debug/print.o
                0x00000000880015c0                debug_vprintf
                0x0000000088001bb0                debug_printf
                0x0000000088001c3c                mini_os_vprintf
                0x0000000088001c8c                mini_os_printf
                0x0000000088001d18                debug_console_init
                0x0000000088001d30                debug_putc
                0x0000000088001d50                debug_puts
                0x0000000088001d70                debug_write
                0x0000000088001d98                debug_getc
                0x0000000088001dac                debug_try_getc
                0x0000000088001dc0                debug_put_hex64
                0x0000000088001de0                debug_flush
 .text          0x0000000088001df8      0x60c /home/pengfei/felix-os/mini-os/build/Neoverse-N3/debug/drivers/console/uart.o
                0x0000000088001f38                uart_is_configured
                0x0000000088001f8c                uart_tx_ready
                0x0000000088001fe4                uart_rx_ready
                0x000000008800203c                uart_init
                0x0000000088002180                uart_putc
                0x00000000880021ec                uart_puts
                0x0000000088002254                uart_write
                0x00000000880022b8                uart_try_getc
                0x0000000088002300                uart_getc
                0x000000008800234c                uart_put_hex64
                0x00000000880023ac                uart_flush
 .text          0x0000000088002404       0xd4 /home/pengfei/felix-os/mini-os/build/Neoverse-N3/debug/kernel/init/main.o
                0x000000008800249c                kernel_main
 .text          0x00000000880024d8      0x6d4 /home/pengfei/felix-os/mini-os/build/Neoverse-N3/debug/kernel/shell/shell.o
                0x00000000880026cc                shell_print_help
                0x0000000088002a80                shell_run
 .text          0x0000000088002bac        0x0 /home/pengfei/felix-os/mini-os/build/Neoverse-N3/debug/plat/arm/Neoverse-N3/boot/plat_setup.o
 .text          0x0000000088002bac        0x0 /home/pengfei/felix-os/mini-os/build/Neoverse-N3/debug/arch/arm/aarch64/boot/entrypoint.o
 .text          0x0000000088002bac        0x0 /home/pengfei/felix-os/mini-os/build/Neoverse-N3/debug/arch/arm/aarch64/cpu/cpu_helpers.o

.iplt           0x0000000088002bac        0x0
 .iplt          0x0000000088002bac        0x0 /home/pengfei/felix-os/mini-os/build/Neoverse-N3/debug/common/debug/print.o

.rodata         0x0000000088002bb0      0x561
 *(.rodata*)
 .rodata        0x0000000088002bb0       0x31 /home/pengfei/felix-os/mini-os/build/Neoverse-N3/debug/common/debug/print.o
 *fill*         0x0000000088002be1        0x7 
 .rodata        0x0000000088002be8       0x11 /home/pengfei/felix-os/mini-os/build/Neoverse-N3/debug/drivers/console/uart.o
 *fill*         0x0000000088002bf9        0x7 
 .rodata        0x0000000088002c00      0x1f2 /home/pengfei/felix-os/mini-os/build/Neoverse-N3/debug/kernel/init/main.o
 *fill*         0x0000000088002df2        0x6 
 .rodata        0x0000000088002df8      0x319 /home/pengfei/felix-os/mini-os/build/Neoverse-N3/debug/kernel/shell/shell.o

.rela.dyn       0x0000000088003118        0x0
 .rela.iplt     0x0000000088003118        0x0 /home/pengfei/felix-os/mini-os/build/Neoverse-N3/debug/common/debug/print.o
 .rela.text.boot
                0x0000000088003118        0x0 /home/pengfei/felix-os/mini-os/build/Neoverse-N3/debug/common/debug/print.o

.data           0x0000000088003120       0x18
 *(.data*)
 .data          0x0000000088003120        0x0 /home/pengfei/felix-os/mini-os/build/Neoverse-N3/debug/common/debug/print.o
 .data          0x0000000088003120       0x10 /home/pengfei/felix-os/mini-os/build/Neoverse-N3/debug/drivers/console/uart.o
 .data          0x0000000088003130        0x8 /home/pengfei/felix-os/mini-os/build/Neoverse-N3/debug/kernel/init/main.o
                0x0000000088003130                boot_magic
 .data          0x0000000088003138        0x0 /home/pengfei/felix-os/mini-os/build/Neoverse-N3/debug/kernel/shell/shell.o
 .data          0x0000000088003138        0x0 /home/pengfei/felix-os/mini-os/build/Neoverse-N3/debug/plat/arm/Neoverse-N3/boot/plat_setup.o
 .data          0x0000000088003138        0x0 /home/pengfei/felix-os/mini-os/build/Neoverse-N3/debug/arch/arm/aarch64/boot/entrypoint.o
 .data          0x0000000088003138        0x0 /home/pengfei/felix-os/mini-os/build/Neoverse-N3/debug/arch/arm/aarch64/cpu/cpu_helpers.o

.igot.plt       0x0000000088003138        0x0
 .igot.plt      0x0000000088003138        0x0 /home/pengfei/felix-os/mini-os/build/Neoverse-N3/debug/common/debug/print.o

.bss            0x0000000088003140        0x0
                0x0000000088003140                __bss_start = .
 *(.bss*)
 .bss           0x0000000088003140        0x0 /home/pengfei/felix-os/mini-os/build/Neoverse-N3/debug/common/debug/print.o
 .bss           0x0000000088003140        0x0 /home/pengfei/felix-os/mini-os/build/Neoverse-N3/debug/drivers/console/uart.o
 .bss           0x0000000088003140        0x0 /home/pengfei/felix-os/mini-os/build/Neoverse-N3/debug/kernel/init/main.o
 .bss           0x0000000088003140        0x0 /home/pengfei/felix-os/mini-os/build/Neoverse-N3/debug/kernel/shell/shell.o
 .bss           0x0000000088003140        0x0 /home/pengfei/felix-os/mini-os/build/Neoverse-N3/debug/plat/arm/Neoverse-N3/boot/plat_setup.o
 .bss           0x0000000088003140        0x0 /home/pengfei/felix-os/mini-os/build/Neoverse-N3/debug/arch/arm/aarch64/boot/entrypoint.o
 .bss           0x0000000088003140        0x0 /home/pengfei/felix-os/mini-os/build/Neoverse-N3/debug/arch/arm/aarch64/cpu/cpu_helpers.o
 *(COMMON)
                0x0000000088003140                __bss_end = .
                0x0000000088003140                . = ALIGN (0x10)

.stack          0x0000000088003140     0x1000
                0x0000000088004140                . = (. + 0x1000)
 *fill*         0x0000000088003140     0x1000 
                0x0000000088004140                __stack_top = .
                0x0000000088004140                __image_end = .

/DISCARD/
 *(.comment)
 *(.note*)
OUTPUT(/home/pengfei/felix-os/mini-os/build/Neoverse-N3/debug/mini-os.elf elf64-littleaarch64)
LOAD linker stubs

.debug_info     0x0000000000000000     0x1227
 .debug_info    0x0000000000000000      0x967 /home/pengfei/felix-os/mini-os/build/Neoverse-N3/debug/common/debug/print.o
 .debug_info    0x0000000000000967      0x42d /home/pengfei/felix-os/mini-os/build/Neoverse-N3/debug/drivers/console/uart.o
 .debug_info    0x0000000000000d94      0x117 /home/pengfei/felix-os/mini-os/build/Neoverse-N3/debug/kernel/init/main.o
 .debug_info    0x0000000000000eab      0x35a /home/pengfei/felix-os/mini-os/build/Neoverse-N3/debug/kernel/shell/shell.o
 .debug_info    0x0000000000001205       0x22 /home/pengfei/felix-os/mini-os/build/Neoverse-N3/debug/plat/arm/Neoverse-N3/boot/plat_setup.o

.debug_abbrev   0x0000000000000000      0x6db
 .debug_abbrev  0x0000000000000000      0x250 /home/pengfei/felix-os/mini-os/build/Neoverse-N3/debug/common/debug/print.o
 .debug_abbrev  0x0000000000000250      0x1cc /home/pengfei/felix-os/mini-os/build/Neoverse-N3/debug/drivers/console/uart.o
 .debug_abbrev  0x000000000000041c       0xe0 /home/pengfei/felix-os/mini-os/build/Neoverse-N3/debug/kernel/init/main.o
 .debug_abbrev  0x00000000000004fc      0x1cd /home/pengfei/felix-os/mini-os/build/Neoverse-N3/debug/kernel/shell/shell.o
 .debug_abbrev  0x00000000000006c9       0x12 /home/pengfei/felix-os/mini-os/build/Neoverse-N3/debug/plat/arm/Neoverse-N3/boot/plat_setup.o

.debug_aranges  0x0000000000000000       0xe0
 .debug_aranges
                0x0000000000000000       0x30 /home/pengfei/felix-os/mini-os/build/Neoverse-N3/debug/common/debug/print.o
 .debug_aranges
                0x0000000000000030       0x30 /home/pengfei/felix-os/mini-os/build/Neoverse-N3/debug/drivers/console/uart.o
 .debug_aranges
                0x0000000000000060       0x30 /home/pengfei/felix-os/mini-os/build/Neoverse-N3/debug/kernel/init/main.o
 .debug_aranges
                0x0000000000000090       0x30 /home/pengfei/felix-os/mini-os/build/Neoverse-N3/debug/kernel/shell/shell.o
 .debug_aranges
                0x00000000000000c0       0x20 /home/pengfei/felix-os/mini-os/build/Neoverse-N3/debug/plat/arm/Neoverse-N3/boot/plat_setup.o

.debug_macro    0x0000000000000000     0x1225
 .debug_macro   0x0000000000000000       0xbd /home/pengfei/felix-os/mini-os/build/Neoverse-N3/debug/common/debug/print.o
 .debug_macro   0x00000000000000bd      0xa48 /home/pengfei/felix-os/mini-os/build/Neoverse-N3/debug/common/debug/print.o
 .debug_macro   0x0000000000000b05       0x58 /home/pengfei/felix-os/mini-os/build/Neoverse-N3/debug/common/debug/print.o
 .debug_macro   0x0000000000000b5d      0x190 /home/pengfei/felix-os/mini-os/build/Neoverse-N3/debug/common/debug/print.o
 .debug_macro   0x0000000000000ced      0x34e /home/pengfei/felix-os/mini-os/build/Neoverse-N3/debug/common/debug/print.o
 .debug_macro   0x000000000000103b       0x22 /home/pengfei/felix-os/mini-os/build/Neoverse-N3/debug/common/debug/print.o
 .debug_macro   0x000000000000105d       0x28 /home/pengfei/felix-os/mini-os/build/Neoverse-N3/debug/common/debug/print.o
 .debug_macro   0x0000000000001085       0x6a /home/pengfei/felix-os/mini-os/build/Neoverse-N3/debug/common/debug/print.o
 .debug_macro   0x00000000000010ef       0x4e /home/pengfei/felix-os/mini-os/build/Neoverse-N3/debug/drivers/console/uart.o
 .debug_macro   0x000000000000113d       0x53 /home/pengfei/felix-os/mini-os/build/Neoverse-N3/debug/kernel/init/main.o
 .debug_macro   0x0000000000001190       0x84 /home/pengfei/felix-os/mini-os/build/Neoverse-N3/debug/kernel/shell/shell.o
 .debug_macro   0x0000000000001214       0x11 /home/pengfei/felix-os/mini-os/build/Neoverse-N3/debug/plat/arm/Neoverse-N3/boot/plat_setup.o

.debug_line     0x0000000000000000      0xd98
 .debug_line    0x0000000000000000      0x716 /home/pengfei/felix-os/mini-os/build/Neoverse-N3/debug/common/debug/print.o
 .debug_line    0x0000000000000716      0x2f2 /home/pengfei/felix-os/mini-os/build/Neoverse-N3/debug/drivers/console/uart.o
 .debug_line    0x0000000000000a08       0x9f /home/pengfei/felix-os/mini-os/build/Neoverse-N3/debug/kernel/init/main.o
 .debug_line    0x0000000000000aa7      0x2b7 /home/pengfei/felix-os/mini-os/build/Neoverse-N3/debug/kernel/shell/shell.o
 .debug_line    0x0000000000000d5e       0x3a /home/pengfei/felix-os/mini-os/build/Neoverse-N3/debug/plat/arm/Neoverse-N3/boot/plat_setup.o

.debug_str      0x0000000000000000     0x47fa
 .debug_str     0x0000000000000000     0x47fa /home/pengfei/felix-os/mini-os/build/Neoverse-N3/debug/common/debug/print.o
                                       0x47e4 (size before relaxing)
 .debug_str     0x00000000000047fa     0x43fe /home/pengfei/felix-os/mini-os/build/Neoverse-N3/debug/drivers/console/uart.o
 .debug_str     0x00000000000047fa     0x42dc /home/pengfei/felix-os/mini-os/build/Neoverse-N3/debug/kernel/init/main.o
 .debug_str     0x00000000000047fa     0x4459 /home/pengfei/felix-os/mini-os/build/Neoverse-N3/debug/kernel/shell/shell.o
 .debug_str     0x00000000000047fa     0x32aa /home/pengfei/felix-os/mini-os/build/Neoverse-N3/debug/plat/arm/Neoverse-N3/boot/plat_setup.o

.debug_line_str
                0x0000000000000000      0x3c4
 .debug_line_str
                0x0000000000000000      0x3c4 /home/pengfei/felix-os/mini-os/build/Neoverse-N3/debug/common/debug/print.o
                                        0x21c (size before relaxing)
 .debug_line_str
                0x00000000000003c4      0x1cf /home/pengfei/felix-os/mini-os/build/Neoverse-N3/debug/drivers/console/uart.o
 .debug_line_str
                0x00000000000003c4      0x1fa /home/pengfei/felix-os/mini-os/build/Neoverse-N3/debug/kernel/init/main.o
 .debug_line_str
                0x00000000000003c4      0x209 /home/pengfei/felix-os/mini-os/build/Neoverse-N3/debug/kernel/shell/shell.o
 .debug_line_str
                0x00000000000003c4       0xd7 /home/pengfei/felix-os/mini-os/build/Neoverse-N3/debug/plat/arm/Neoverse-N3/boot/plat_setup.o

.debug_frame    0x0000000000000000      0x828
 .debug_frame   0x0000000000000000      0x3b0 /home/pengfei/felix-os/mini-os/build/Neoverse-N3/debug/common/debug/print.o
 .debug_frame   0x00000000000003b0      0x248 /home/pengfei/felix-os/mini-os/build/Neoverse-N3/debug/drivers/console/uart.o
 .debug_frame   0x00000000000005f8       0x60 /home/pengfei/felix-os/mini-os/build/Neoverse-N3/debug/kernel/init/main.o
 .debug_frame   0x0000000000000658      0x1d0 /home/pengfei/felix-os/mini-os/build/Neoverse-N3/debug/kernel/shell/shell.o
