
Discarded input sections

 .group         0x0000000000000000        0xc /home/pengfei/felix-os/mini-os/build/Neoverse-N3/debug/common/debug/print.o
 .group         0x0000000000000000        0xc /home/pengfei/felix-os/mini-os/build/Neoverse-N3/debug/common/debug/print.o
 .group         0x0000000000000000        0xc /home/pengfei/felix-os/mini-os/build/Neoverse-N3/debug/common/debug/print.o
 .group         0x0000000000000000        0xc /home/pengfei/felix-os/mini-os/build/Neoverse-N3/debug/common/debug/print.o
 .group         0x0000000000000000        0xc /home/pengfei/felix-os/mini-os/build/Neoverse-N3/debug/common/debug/print.o
 .group         0x0000000000000000        0xc /home/pengfei/felix-os/mini-os/build/Neoverse-N3/debug/common/debug/print.o
 .group         0x0000000000000000        0xc /home/pengfei/felix-os/mini-os/build/Neoverse-N3/debug/common/debug/print.o
 .comment       0x0000000000000000       0x45 /home/pengfei/felix-os/mini-os/build/Neoverse-N3/debug/common/debug/print.o
 .group         0x0000000000000000        0xc /home/pengfei/felix-os/mini-os/build/Neoverse-N3/debug/drivers/console/uart.o
 .group         0x0000000000000000        0xc /home/pengfei/felix-os/mini-os/build/Neoverse-N3/debug/drivers/console/uart.o
 .group         0x0000000000000000        0xc /home/pengfei/felix-os/mini-os/build/Neoverse-N3/debug/drivers/console/uart.o
 .group         0x0000000000000000        0xc /home/pengfei/felix-os/mini-os/build/Neoverse-N3/debug/drivers/console/uart.o
 .group         0x0000000000000000        0xc /home/pengfei/felix-os/mini-os/build/Neoverse-N3/debug/drivers/console/uart.o
 .group         0x0000000000000000        0xc /home/pengfei/felix-os/mini-os/build/Neoverse-N3/debug/drivers/console/uart.o
 .debug_macro   0x0000000000000000      0xa48 /home/pengfei/felix-os/mini-os/build/Neoverse-N3/debug/drivers/console/uart.o
 .debug_macro   0x0000000000000000       0x2e /home/pengfei/felix-os/mini-os/build/Neoverse-N3/debug/drivers/console/uart.o
 .debug_macro   0x0000000000000000       0x22 /home/pengfei/felix-os/mini-os/build/Neoverse-N3/debug/drivers/console/uart.o
 .debug_macro   0x0000000000000000      0x190 /home/pengfei/felix-os/mini-os/build/Neoverse-N3/debug/drivers/console/uart.o
 .debug_macro   0x0000000000000000      0x34e /home/pengfei/felix-os/mini-os/build/Neoverse-N3/debug/drivers/console/uart.o
 .debug_macro   0x0000000000000000       0x6a /home/pengfei/felix-os/mini-os/build/Neoverse-N3/debug/drivers/console/uart.o
 .comment       0x0000000000000000       0x45 /home/pengfei/felix-os/mini-os/build/Neoverse-N3/debug/drivers/console/uart.o
 .group         0x0000000000000000        0xc /home/pengfei/felix-os/mini-os/build/Neoverse-N3/debug/drivers/gic/gic.o
 .debug_macro   0x0000000000000000      0xa48 /home/pengfei/felix-os/mini-os/build/Neoverse-N3/debug/drivers/gic/gic.o
 .comment       0x0000000000000000       0x45 /home/pengfei/felix-os/mini-os/build/Neoverse-N3/debug/drivers/gic/gic.o
 .group         0x0000000000000000        0xc /home/pengfei/felix-os/mini-os/build/Neoverse-N3/debug/kernel/init/main.o
 .group         0x0000000000000000        0xc /home/pengfei/felix-os/mini-os/build/Neoverse-N3/debug/kernel/init/main.o
 .group         0x0000000000000000        0xc /home/pengfei/felix-os/mini-os/build/Neoverse-N3/debug/kernel/init/main.o
 .group         0x0000000000000000        0xc /home/pengfei/felix-os/mini-os/build/Neoverse-N3/debug/kernel/init/main.o
 .group         0x0000000000000000        0xc /home/pengfei/felix-os/mini-os/build/Neoverse-N3/debug/kernel/init/main.o
 .group         0x0000000000000000        0xc /home/pengfei/felix-os/mini-os/build/Neoverse-N3/debug/kernel/init/main.o
 .debug_macro   0x0000000000000000      0xa48 /home/pengfei/felix-os/mini-os/build/Neoverse-N3/debug/kernel/init/main.o
 .debug_macro   0x0000000000000000      0x34e /home/pengfei/felix-os/mini-os/build/Neoverse-N3/debug/kernel/init/main.o
 .debug_macro   0x0000000000000000       0x58 /home/pengfei/felix-os/mini-os/build/Neoverse-N3/debug/kernel/init/main.o
 .debug_macro   0x0000000000000000      0x190 /home/pengfei/felix-os/mini-os/build/Neoverse-N3/debug/kernel/init/main.o
 .debug_macro   0x0000000000000000       0x22 /home/pengfei/felix-os/mini-os/build/Neoverse-N3/debug/kernel/init/main.o
 .debug_macro   0x0000000000000000       0x2e /home/pengfei/felix-os/mini-os/build/Neoverse-N3/debug/kernel/init/main.o
 .comment       0x0000000000000000       0x45 /home/pengfei/felix-os/mini-os/build/Neoverse-N3/debug/kernel/init/main.o
 .group         0x0000000000000000        0xc /home/pengfei/felix-os/mini-os/build/Neoverse-N3/debug/kernel/lib/bitmap.o
 .group         0x0000000000000000        0xc /home/pengfei/felix-os/mini-os/build/Neoverse-N3/debug/kernel/lib/bitmap.o
 .group         0x0000000000000000        0xc /home/pengfei/felix-os/mini-os/build/Neoverse-N3/debug/kernel/lib/bitmap.o
 .group         0x0000000000000000        0xc /home/pengfei/felix-os/mini-os/build/Neoverse-N3/debug/kernel/lib/bitmap.o
 .debug_macro   0x0000000000000000      0xa48 /home/pengfei/felix-os/mini-os/build/Neoverse-N3/debug/kernel/lib/bitmap.o
 .debug_macro   0x0000000000000000       0x22 /home/pengfei/felix-os/mini-os/build/Neoverse-N3/debug/kernel/lib/bitmap.o
 .debug_macro   0x0000000000000000      0x190 /home/pengfei/felix-os/mini-os/build/Neoverse-N3/debug/kernel/lib/bitmap.o
 .debug_macro   0x0000000000000000      0x34e /home/pengfei/felix-os/mini-os/build/Neoverse-N3/debug/kernel/lib/bitmap.o
 .comment       0x0000000000000000       0x45 /home/pengfei/felix-os/mini-os/build/Neoverse-N3/debug/kernel/lib/bitmap.o
 .group         0x0000000000000000        0xc /home/pengfei/felix-os/mini-os/build/Neoverse-N3/debug/kernel/lib/ringbuffer.o
 .group         0x0000000000000000        0xc /home/pengfei/felix-os/mini-os/build/Neoverse-N3/debug/kernel/lib/ringbuffer.o
 .group         0x0000000000000000        0xc /home/pengfei/felix-os/mini-os/build/Neoverse-N3/debug/kernel/lib/ringbuffer.o
 .group         0x0000000000000000        0xc /home/pengfei/felix-os/mini-os/build/Neoverse-N3/debug/kernel/lib/ringbuffer.o
 .debug_macro   0x0000000000000000      0xa48 /home/pengfei/felix-os/mini-os/build/Neoverse-N3/debug/kernel/lib/ringbuffer.o
 .debug_macro   0x0000000000000000       0x22 /home/pengfei/felix-os/mini-os/build/Neoverse-N3/debug/kernel/lib/ringbuffer.o
 .debug_macro   0x0000000000000000      0x190 /home/pengfei/felix-os/mini-os/build/Neoverse-N3/debug/kernel/lib/ringbuffer.o
 .debug_macro   0x0000000000000000      0x34e /home/pengfei/felix-os/mini-os/build/Neoverse-N3/debug/kernel/lib/ringbuffer.o
 .comment       0x0000000000000000       0x45 /home/pengfei/felix-os/mini-os/build/Neoverse-N3/debug/kernel/lib/ringbuffer.o
 .group         0x0000000000000000        0xc /home/pengfei/felix-os/mini-os/build/Neoverse-N3/debug/kernel/lib/string.o
 .group         0x0000000000000000        0xc /home/pengfei/felix-os/mini-os/build/Neoverse-N3/debug/kernel/lib/string.o
 .debug_macro   0x0000000000000000      0xa48 /home/pengfei/felix-os/mini-os/build/Neoverse-N3/debug/kernel/lib/string.o
 .debug_macro   0x0000000000000000      0x190 /home/pengfei/felix-os/mini-os/build/Neoverse-N3/debug/kernel/lib/string.o
 .comment       0x0000000000000000       0x45 /home/pengfei/felix-os/mini-os/build/Neoverse-N3/debug/kernel/lib/string.o
 .group         0x0000000000000000        0xc /home/pengfei/felix-os/mini-os/build/Neoverse-N3/debug/kernel/scheduler/scheduler.o
 .group         0x0000000000000000        0xc /home/pengfei/felix-os/mini-os/build/Neoverse-N3/debug/kernel/scheduler/scheduler.o
 .group         0x0000000000000000        0xc /home/pengfei/felix-os/mini-os/build/Neoverse-N3/debug/kernel/scheduler/scheduler.o
 .group         0x0000000000000000        0xc /home/pengfei/felix-os/mini-os/build/Neoverse-N3/debug/kernel/scheduler/scheduler.o
 .group         0x0000000000000000        0xc /home/pengfei/felix-os/mini-os/build/Neoverse-N3/debug/kernel/scheduler/scheduler.o
 .debug_macro   0x0000000000000000      0xa48 /home/pengfei/felix-os/mini-os/build/Neoverse-N3/debug/kernel/scheduler/scheduler.o
 .debug_macro   0x0000000000000000       0x22 /home/pengfei/felix-os/mini-os/build/Neoverse-N3/debug/kernel/scheduler/scheduler.o
 .debug_macro   0x0000000000000000      0x190 /home/pengfei/felix-os/mini-os/build/Neoverse-N3/debug/kernel/scheduler/scheduler.o
 .debug_macro   0x0000000000000000      0x34e /home/pengfei/felix-os/mini-os/build/Neoverse-N3/debug/kernel/scheduler/scheduler.o
 .debug_macro   0x0000000000000000       0x2e /home/pengfei/felix-os/mini-os/build/Neoverse-N3/debug/kernel/scheduler/scheduler.o
 .comment       0x0000000000000000       0x45 /home/pengfei/felix-os/mini-os/build/Neoverse-N3/debug/kernel/scheduler/scheduler.o
 .group         0x0000000000000000        0xc /home/pengfei/felix-os/mini-os/build/Neoverse-N3/debug/kernel/shell/shell.o
 .group         0x0000000000000000        0xc /home/pengfei/felix-os/mini-os/build/Neoverse-N3/debug/kernel/shell/shell.o
 .group         0x0000000000000000        0xc /home/pengfei/felix-os/mini-os/build/Neoverse-N3/debug/kernel/shell/shell.o
 .group         0x0000000000000000        0xc /home/pengfei/felix-os/mini-os/build/Neoverse-N3/debug/kernel/shell/shell.o
 .group         0x0000000000000000        0xc /home/pengfei/felix-os/mini-os/build/Neoverse-N3/debug/kernel/shell/shell.o
 .group         0x0000000000000000        0xc /home/pengfei/felix-os/mini-os/build/Neoverse-N3/debug/kernel/shell/shell.o
 .debug_macro   0x0000000000000000      0xa48 /home/pengfei/felix-os/mini-os/build/Neoverse-N3/debug/kernel/shell/shell.o
 .debug_macro   0x0000000000000000       0x22 /home/pengfei/felix-os/mini-os/build/Neoverse-N3/debug/kernel/shell/shell.o
 .debug_macro   0x0000000000000000      0x190 /home/pengfei/felix-os/mini-os/build/Neoverse-N3/debug/kernel/shell/shell.o
 .debug_macro   0x0000000000000000      0x34e /home/pengfei/felix-os/mini-os/build/Neoverse-N3/debug/kernel/shell/shell.o
 .debug_macro   0x0000000000000000       0x58 /home/pengfei/felix-os/mini-os/build/Neoverse-N3/debug/kernel/shell/shell.o
 .debug_macro   0x0000000000000000       0x2e /home/pengfei/felix-os/mini-os/build/Neoverse-N3/debug/kernel/shell/shell.o
 .comment       0x0000000000000000       0x45 /home/pengfei/felix-os/mini-os/build/Neoverse-N3/debug/kernel/shell/shell.o
 .group         0x0000000000000000        0xc /home/pengfei/felix-os/mini-os/build/Neoverse-N3/debug/kernel/smp/smp.o
 .group         0x0000000000000000        0xc /home/pengfei/felix-os/mini-os/build/Neoverse-N3/debug/kernel/smp/smp.o
 .group         0x0000000000000000        0xc /home/pengfei/felix-os/mini-os/build/Neoverse-N3/debug/kernel/smp/smp.o
 .group         0x0000000000000000        0xc /home/pengfei/felix-os/mini-os/build/Neoverse-N3/debug/kernel/smp/smp.o
 .group         0x0000000000000000        0xc /home/pengfei/felix-os/mini-os/build/Neoverse-N3/debug/kernel/smp/smp.o
 .group         0x0000000000000000        0xc /home/pengfei/felix-os/mini-os/build/Neoverse-N3/debug/kernel/smp/smp.o
 .debug_macro   0x0000000000000000      0xa48 /home/pengfei/felix-os/mini-os/build/Neoverse-N3/debug/kernel/smp/smp.o
 .debug_macro   0x0000000000000000       0x58 /home/pengfei/felix-os/mini-os/build/Neoverse-N3/debug/kernel/smp/smp.o
 .debug_macro   0x0000000000000000      0x190 /home/pengfei/felix-os/mini-os/build/Neoverse-N3/debug/kernel/smp/smp.o
 .debug_macro   0x0000000000000000      0x34e /home/pengfei/felix-os/mini-os/build/Neoverse-N3/debug/kernel/smp/smp.o
 .debug_macro   0x0000000000000000       0x22 /home/pengfei/felix-os/mini-os/build/Neoverse-N3/debug/kernel/smp/smp.o
 .debug_macro   0x0000000000000000       0x2e /home/pengfei/felix-os/mini-os/build/Neoverse-N3/debug/kernel/smp/smp.o
 .comment       0x0000000000000000       0x45 /home/pengfei/felix-os/mini-os/build/Neoverse-N3/debug/kernel/smp/smp.o
 .group         0x0000000000000000        0xc /home/pengfei/felix-os/mini-os/build/Neoverse-N3/debug/kernel/tests/test_core.o
 .debug_macro   0x0000000000000000      0xa48 /home/pengfei/felix-os/mini-os/build/Neoverse-N3/debug/kernel/tests/test_core.o
 .comment       0x0000000000000000       0x45 /home/pengfei/felix-os/mini-os/build/Neoverse-N3/debug/kernel/tests/test_core.o
 .group         0x0000000000000000        0xc /home/pengfei/felix-os/mini-os/build/Neoverse-N3/debug/kernel/topology/topology.o
 .group         0x0000000000000000        0xc /home/pengfei/felix-os/mini-os/build/Neoverse-N3/debug/kernel/topology/topology.o
 .group         0x0000000000000000        0xc /home/pengfei/felix-os/mini-os/build/Neoverse-N3/debug/kernel/topology/topology.o
 .group         0x0000000000000000        0xc /home/pengfei/felix-os/mini-os/build/Neoverse-N3/debug/kernel/topology/topology.o
 .group         0x0000000000000000        0xc /home/pengfei/felix-os/mini-os/build/Neoverse-N3/debug/kernel/topology/topology.o
 .debug_macro   0x0000000000000000      0xa48 /home/pengfei/felix-os/mini-os/build/Neoverse-N3/debug/kernel/topology/topology.o
 .debug_macro   0x0000000000000000       0x22 /home/pengfei/felix-os/mini-os/build/Neoverse-N3/debug/kernel/topology/topology.o
 .debug_macro   0x0000000000000000      0x190 /home/pengfei/felix-os/mini-os/build/Neoverse-N3/debug/kernel/topology/topology.o
 .debug_macro   0x0000000000000000      0x34e /home/pengfei/felix-os/mini-os/build/Neoverse-N3/debug/kernel/topology/topology.o
 .debug_macro   0x0000000000000000       0x2e /home/pengfei/felix-os/mini-os/build/Neoverse-N3/debug/kernel/topology/topology.o
 .comment       0x0000000000000000       0x45 /home/pengfei/felix-os/mini-os/build/Neoverse-N3/debug/kernel/topology/topology.o
 .group         0x0000000000000000        0xc /home/pengfei/felix-os/mini-os/build/Neoverse-N3/debug/plat/arm/Neoverse-N3/boot/plat_setup.o
 .debug_macro   0x0000000000000000      0xa48 /home/pengfei/felix-os/mini-os/build/Neoverse-N3/debug/plat/arm/Neoverse-N3/boot/plat_setup.o
 .comment       0x0000000000000000       0x45 /home/pengfei/felix-os/mini-os/build/Neoverse-N3/debug/plat/arm/Neoverse-N3/boot/plat_setup.o

Memory Configuration

Name             Origin             Length             Attributes
*default*        0x0000000000000000 0xffffffffffffffff

Linker script and memory map

LOAD /home/pengfei/felix-os/mini-os/build/Neoverse-N3/debug/common/debug/print.o
LOAD /home/pengfei/felix-os/mini-os/build/Neoverse-N3/debug/drivers/console/uart.o
LOAD /home/pengfei/felix-os/mini-os/build/Neoverse-N3/debug/drivers/gic/gic.o
LOAD /home/pengfei/felix-os/mini-os/build/Neoverse-N3/debug/kernel/init/main.o
LOAD /home/pengfei/felix-os/mini-os/build/Neoverse-N3/debug/kernel/lib/bitmap.o
LOAD /home/pengfei/felix-os/mini-os/build/Neoverse-N3/debug/kernel/lib/ringbuffer.o
LOAD /home/pengfei/felix-os/mini-os/build/Neoverse-N3/debug/kernel/lib/string.o
LOAD /home/pengfei/felix-os/mini-os/build/Neoverse-N3/debug/kernel/scheduler/scheduler.o
LOAD /home/pengfei/felix-os/mini-os/build/Neoverse-N3/debug/kernel/shell/shell.o
LOAD /home/pengfei/felix-os/mini-os/build/Neoverse-N3/debug/kernel/smp/smp.o
LOAD /home/pengfei/felix-os/mini-os/build/Neoverse-N3/debug/kernel/tests/test_core.o
LOAD /home/pengfei/felix-os/mini-os/build/Neoverse-N3/debug/kernel/topology/topology.o
LOAD /home/pengfei/felix-os/mini-os/build/Neoverse-N3/debug/plat/arm/Neoverse-N3/boot/plat_setup.o
LOAD /home/pengfei/felix-os/mini-os/build/Neoverse-N3/debug/arch/arm/aarch64/boot/entrypoint.o
LOAD /home/pengfei/felix-os/mini-os/build/Neoverse-N3/debug/arch/arm/aarch64/cpu/cpu_helpers.o
LOAD /home/pengfei/felix-os/mini-os/build/Neoverse-N3/debug/kernel/smp/secondary_entry.o
                0x00000000c0000000                . = 0xc0000000
                0x00000000c0000000                __image_start = .

.text           0x00000000c0000000     0x49f4
 *(.text.boot)
 .text.boot     0x00000000c0000000       0x20 /home/pengfei/felix-os/mini-os/build/Neoverse-N3/debug/arch/arm/aarch64/boot/entrypoint.o
                0x00000000c0000000                _start
 .text.boot     0x00000000c0000020       0x30 /home/pengfei/felix-os/mini-os/build/Neoverse-N3/debug/kernel/smp/secondary_entry.o
                0x00000000c0000020                secondary_cpu_entrypoint
 *(.text*)
 .text          0x00000000c0000050     0x1dd8 /home/pengfei/felix-os/mini-os/build/Neoverse-N3/debug/common/debug/print.o
                0x00000000c00015f0                debug_vprintf
                0x00000000c0001be0                debug_printf
                0x00000000c0001c6c                mini_os_vprintf
                0x00000000c0001cbc                mini_os_printf
                0x00000000c0001d48                debug_console_init
                0x00000000c0001d60                debug_putc
                0x00000000c0001d80                debug_puts
                0x00000000c0001da0                debug_write
                0x00000000c0001dc8                debug_getc
                0x00000000c0001ddc                debug_try_getc
                0x00000000c0001df0                debug_put_hex64
                0x00000000c0001e10                debug_flush
 .text          0x00000000c0001e28      0x60c /home/pengfei/felix-os/mini-os/build/Neoverse-N3/debug/drivers/console/uart.o
                0x00000000c0001f68                uart_is_configured
                0x00000000c0001fbc                uart_tx_ready
                0x00000000c0002014                uart_rx_ready
                0x00000000c000206c                uart_init
                0x00000000c00021b0                uart_putc
                0x00000000c000221c                uart_puts
                0x00000000c0002284                uart_write
                0x00000000c00022e8                uart_try_getc
                0x00000000c0002330                uart_getc
                0x00000000c000237c                uart_put_hex64
                0x00000000c00023dc                uart_flush
 .text          0x00000000c0002434        0x8 /home/pengfei/felix-os/mini-os/build/Neoverse-N3/debug/drivers/gic/gic.o
                0x00000000c0002434                gic_init
 .text          0x00000000c000243c      0x108 /home/pengfei/felix-os/mini-os/build/Neoverse-N3/debug/kernel/init/main.o
                0x00000000c0002524                kernel_main
 .text          0x00000000c0002544       0xf4 /home/pengfei/felix-os/mini-os/build/Neoverse-N3/debug/kernel/lib/bitmap.o
                0x00000000c0002544                bitmap_set_bit
                0x00000000c0002598                bitmap_clear_bit
                0x00000000c00025f0                bitmap_test_bit
 .text          0x00000000c0002638      0x1c8 /home/pengfei/felix-os/mini-os/build/Neoverse-N3/debug/kernel/lib/ringbuffer.o
                0x00000000c0002638                ringbuffer_init
                0x00000000c0002684                ringbuffer_is_empty
                0x00000000c00026a8                ringbuffer_is_full
                0x00000000c00026d4                ringbuffer_push
                0x00000000c0002768                ringbuffer_pop
 .text          0x00000000c0002800       0xc0 /home/pengfei/felix-os/mini-os/build/Neoverse-N3/debug/kernel/lib/string.o
                0x00000000c0002800                mini_os_strlen
                0x00000000c0002850                mini_os_strcmp
 .text          0x00000000c00028c0       0xfc /home/pengfei/felix-os/mini-os/build/Neoverse-N3/debug/kernel/scheduler/scheduler.o
                0x00000000c00028c0                scheduler_init
                0x00000000c000290c                scheduler_join_cpu
                0x00000000c0002980                scheduler_cpu_is_runnable
                0x00000000c00029ac                scheduler_runnable_cpu_count
 .text          0x00000000c00029bc     0x1434 /home/pengfei/felix-os/mini-os/build/Neoverse-N3/debug/kernel/shell/shell.o
                0x00000000c0003450                shell_print_help
                0x00000000c0003cc4                shell_run
 .text          0x00000000c0003df0      0x68c /home/pengfei/felix-os/mini-os/build/Neoverse-N3/debug/kernel/smp/smp.o
                0x00000000c0003e7c                smp_init
                0x00000000c0004008                smp_start_cpu
                0x00000000c00042b8                smp_cpu_state
                0x00000000c00042fc                smp_online_cpu_count
                0x00000000c000430c                smp_secondary_cpu_online
                0x00000000c0004408                smp_secondary_entry
                0x00000000c0004470                smp_secondary_entrypoint
 .text          0x00000000c000447c        0x8 /home/pengfei/felix-os/mini-os/build/Neoverse-N3/debug/kernel/tests/test_core.o
                0x00000000c000447c                test_framework_init
 .text          0x00000000c0004484      0x570 /home/pengfei/felix-os/mini-os/build/Neoverse-N3/debug/kernel/topology/topology.o
                0x00000000c000452c                topology_init
                0x00000000c000469c                topology_boot_cpu
                0x00000000c00046a8                topology_cpu
                0x00000000c00046e0                topology_find_cpu_by_mpidr
                0x00000000c0004774                topology_cpu_capacity
                0x00000000c000477c                topology_present_cpu_count
                0x00000000c000478c                topology_online_cpu_count
                0x00000000c000479c                topology_mark_cpu_online
                0x00000000c0004924                topology_register_cpu
 .text          0x00000000c00049f4        0x0 /home/pengfei/felix-os/mini-os/build/Neoverse-N3/debug/plat/arm/Neoverse-N3/boot/plat_setup.o
 .text          0x00000000c00049f4        0x0 /home/pengfei/felix-os/mini-os/build/Neoverse-N3/debug/arch/arm/aarch64/boot/entrypoint.o
 .text          0x00000000c00049f4        0x0 /home/pengfei/felix-os/mini-os/build/Neoverse-N3/debug/arch/arm/aarch64/cpu/cpu_helpers.o
 .text          0x00000000c00049f4        0x0 /home/pengfei/felix-os/mini-os/build/Neoverse-N3/debug/kernel/smp/secondary_entry.o

.iplt           0x00000000c00049f4        0x0
 .iplt          0x00000000c00049f4        0x0 /home/pengfei/felix-os/mini-os/build/Neoverse-N3/debug/common/debug/print.o

.rodata         0x00000000c0004a00     0x1176
 *(.rodata*)
 .rodata        0x00000000c0004a00       0x31 /home/pengfei/felix-os/mini-os/build/Neoverse-N3/debug/common/debug/print.o
 *fill*         0x00000000c0004a31        0x7 
 .rodata        0x00000000c0004a38       0x11 /home/pengfei/felix-os/mini-os/build/Neoverse-N3/debug/drivers/console/uart.o
 *fill*         0x00000000c0004a49        0x7 
 .rodata        0x00000000c0004a50      0x1f2 /home/pengfei/felix-os/mini-os/build/Neoverse-N3/debug/kernel/init/main.o
 *fill*         0x00000000c0004c42        0x6 
 .rodata        0x00000000c0004c48      0xee9 /home/pengfei/felix-os/mini-os/build/Neoverse-N3/debug/kernel/shell/shell.o
 *fill*         0x00000000c0005b31        0x7 
 .rodata        0x00000000c0005b38       0x3e /home/pengfei/felix-os/mini-os/build/Neoverse-N3/debug/kernel/smp/smp.o

.rela.dyn       0x00000000c0005b78        0x0
 .rela.iplt     0x00000000c0005b78        0x0 /home/pengfei/felix-os/mini-os/build/Neoverse-N3/debug/common/debug/print.o
 .rela.text.boot
                0x00000000c0005b78        0x0 /home/pengfei/felix-os/mini-os/build/Neoverse-N3/debug/common/debug/print.o

.data           0x00000000c0005b80       0x18
 *(.data*)
 .data          0x00000000c0005b80        0x0 /home/pengfei/felix-os/mini-os/build/Neoverse-N3/debug/common/debug/print.o
 .data          0x00000000c0005b80       0x10 /home/pengfei/felix-os/mini-os/build/Neoverse-N3/debug/drivers/console/uart.o
 .data          0x00000000c0005b90        0x0 /home/pengfei/felix-os/mini-os/build/Neoverse-N3/debug/drivers/gic/gic.o
 .data          0x00000000c0005b90        0x8 /home/pengfei/felix-os/mini-os/build/Neoverse-N3/debug/kernel/init/main.o
                0x00000000c0005b90                boot_magic
 .data          0x00000000c0005b98        0x0 /home/pengfei/felix-os/mini-os/build/Neoverse-N3/debug/kernel/lib/bitmap.o
 .data          0x00000000c0005b98        0x0 /home/pengfei/felix-os/mini-os/build/Neoverse-N3/debug/kernel/lib/ringbuffer.o
 .data          0x00000000c0005b98        0x0 /home/pengfei/felix-os/mini-os/build/Neoverse-N3/debug/kernel/lib/string.o
 .data          0x00000000c0005b98        0x0 /home/pengfei/felix-os/mini-os/build/Neoverse-N3/debug/kernel/scheduler/scheduler.o
 .data          0x00000000c0005b98        0x0 /home/pengfei/felix-os/mini-os/build/Neoverse-N3/debug/kernel/shell/shell.o
 .data          0x00000000c0005b98        0x0 /home/pengfei/felix-os/mini-os/build/Neoverse-N3/debug/kernel/smp/smp.o
 .data          0x00000000c0005b98        0x0 /home/pengfei/felix-os/mini-os/build/Neoverse-N3/debug/kernel/tests/test_core.o
 .data          0x00000000c0005b98        0x0 /home/pengfei/felix-os/mini-os/build/Neoverse-N3/debug/kernel/topology/topology.o
 .data          0x00000000c0005b98        0x0 /home/pengfei/felix-os/mini-os/build/Neoverse-N3/debug/plat/arm/Neoverse-N3/boot/plat_setup.o
 .data          0x00000000c0005b98        0x0 /home/pengfei/felix-os/mini-os/build/Neoverse-N3/debug/arch/arm/aarch64/boot/entrypoint.o
 .data          0x00000000c0005b98        0x0 /home/pengfei/felix-os/mini-os/build/Neoverse-N3/debug/arch/arm/aarch64/cpu/cpu_helpers.o
 .data          0x00000000c0005b98        0x0 /home/pengfei/felix-os/mini-os/build/Neoverse-N3/debug/kernel/smp/secondary_entry.o

.igot.plt       0x00000000c0005b98        0x0
 .igot.plt      0x00000000c0005b98        0x0 /home/pengfei/felix-os/mini-os/build/Neoverse-N3/debug/common/debug/print.o

.bss            0x00000000c0005ba0     0x81e0
                0x00000000c0005ba0                __bss_start = .
 *(.bss*)
 .bss           0x00000000c0005ba0        0x0 /home/pengfei/felix-os/mini-os/build/Neoverse-N3/debug/common/debug/print.o
 .bss           0x00000000c0005ba0        0x0 /home/pengfei/felix-os/mini-os/build/Neoverse-N3/debug/drivers/console/uart.o
 .bss           0x00000000c0005ba0        0x0 /home/pengfei/felix-os/mini-os/build/Neoverse-N3/debug/drivers/gic/gic.o
 .bss           0x00000000c0005ba0        0x0 /home/pengfei/felix-os/mini-os/build/Neoverse-N3/debug/kernel/init/main.o
 .bss           0x00000000c0005ba0        0x0 /home/pengfei/felix-os/mini-os/build/Neoverse-N3/debug/kernel/lib/bitmap.o
 .bss           0x00000000c0005ba0        0x0 /home/pengfei/felix-os/mini-os/build/Neoverse-N3/debug/kernel/lib/ringbuffer.o
 .bss           0x00000000c0005ba0        0x0 /home/pengfei/felix-os/mini-os/build/Neoverse-N3/debug/kernel/lib/string.o
 .bss           0x00000000c0005ba0        0xc /home/pengfei/felix-os/mini-os/build/Neoverse-N3/debug/kernel/scheduler/scheduler.o
 .bss           0x00000000c0005bac        0x0 /home/pengfei/felix-os/mini-os/build/Neoverse-N3/debug/kernel/shell/shell.o
 *fill*         0x00000000c0005bac        0x4 
 .bss           0x00000000c0005bb0     0x80c4 /home/pengfei/felix-os/mini-os/build/Neoverse-N3/debug/kernel/smp/smp.o
                0x00000000c0005bb0                secondary_stacks
 .bss           0x00000000c000dc74        0x0 /home/pengfei/felix-os/mini-os/build/Neoverse-N3/debug/kernel/tests/test_core.o
 *fill*         0x00000000c000dc74        0x4 
 .bss           0x00000000c000dc78      0x108 /home/pengfei/felix-os/mini-os/build/Neoverse-N3/debug/kernel/topology/topology.o
 .bss           0x00000000c000dd80        0x0 /home/pengfei/felix-os/mini-os/build/Neoverse-N3/debug/plat/arm/Neoverse-N3/boot/plat_setup.o
 .bss           0x00000000c000dd80        0x0 /home/pengfei/felix-os/mini-os/build/Neoverse-N3/debug/arch/arm/aarch64/boot/entrypoint.o
 .bss           0x00000000c000dd80        0x0 /home/pengfei/felix-os/mini-os/build/Neoverse-N3/debug/arch/arm/aarch64/cpu/cpu_helpers.o
 .bss           0x00000000c000dd80        0x0 /home/pengfei/felix-os/mini-os/build/Neoverse-N3/debug/kernel/smp/secondary_entry.o
 *(COMMON)
                0x00000000c000dd80                __bss_end = .
                0x00000000c000dd80                . = ALIGN (0x10)

.stack          0x00000000c000dd80     0x1000
                0x00000000c000ed80                . = (. + 0x1000)
 *fill*         0x00000000c000dd80     0x1000 
                0x00000000c000ed80                __stack_top = .
                0x00000000c000ed80                __image_end = .

/DISCARD/
 *(.comment)
 *(.note*)
OUTPUT(/home/pengfei/felix-os/mini-os/build/Neoverse-N3/debug/mini-os.elf elf64-littleaarch64)
LOAD linker stubs

.debug_info     0x0000000000000000     0x25e9
 .debug_info    0x0000000000000000      0x967 /home/pengfei/felix-os/mini-os/build/Neoverse-N3/debug/common/debug/print.o
 .debug_info    0x0000000000000967      0x42d /home/pengfei/felix-os/mini-os/build/Neoverse-N3/debug/drivers/console/uart.o
 .debug_info    0x0000000000000d94       0x4d /home/pengfei/felix-os/mini-os/build/Neoverse-N3/debug/drivers/gic/gic.o
 .debug_info    0x0000000000000de1      0x166 /home/pengfei/felix-os/mini-os/build/Neoverse-N3/debug/kernel/init/main.o
 .debug_info    0x0000000000000f47      0x14c /home/pengfei/felix-os/mini-os/build/Neoverse-N3/debug/kernel/lib/bitmap.o
 .debug_info    0x0000000000001093      0x20e /home/pengfei/felix-os/mini-os/build/Neoverse-N3/debug/kernel/lib/ringbuffer.o
 .debug_info    0x00000000000012a1       0xf6 /home/pengfei/felix-os/mini-os/build/Neoverse-N3/debug/kernel/lib/string.o
 .debug_info    0x0000000000001397      0x1ab /home/pengfei/felix-os/mini-os/build/Neoverse-N3/debug/kernel/scheduler/scheduler.o
 .debug_info    0x0000000000001542      0x7c9 /home/pengfei/felix-os/mini-os/build/Neoverse-N3/debug/kernel/shell/shell.o
 .debug_info    0x0000000000001d0b      0x4f1 /home/pengfei/felix-os/mini-os/build/Neoverse-N3/debug/kernel/smp/smp.o
 .debug_info    0x00000000000021fc       0x4d /home/pengfei/felix-os/mini-os/build/Neoverse-N3/debug/kernel/tests/test_core.o
 .debug_info    0x0000000000002249      0x37e /home/pengfei/felix-os/mini-os/build/Neoverse-N3/debug/kernel/topology/topology.o
 .debug_info    0x00000000000025c7       0x22 /home/pengfei/felix-os/mini-os/build/Neoverse-N3/debug/plat/arm/Neoverse-N3/boot/plat_setup.o

.debug_abbrev   0x0000000000000000      0xf0e
 .debug_abbrev  0x0000000000000000      0x250 /home/pengfei/felix-os/mini-os/build/Neoverse-N3/debug/common/debug/print.o
 .debug_abbrev  0x0000000000000250      0x1cc /home/pengfei/felix-os/mini-os/build/Neoverse-N3/debug/drivers/console/uart.o
 .debug_abbrev  0x000000000000041c       0x2f /home/pengfei/felix-os/mini-os/build/Neoverse-N3/debug/drivers/gic/gic.o
 .debug_abbrev  0x000000000000044b       0xe4 /home/pengfei/felix-os/mini-os/build/Neoverse-N3/debug/kernel/init/main.o
 .debug_abbrev  0x000000000000052f       0xc1 /home/pengfei/felix-os/mini-os/build/Neoverse-N3/debug/kernel/lib/bitmap.o
 .debug_abbrev  0x00000000000005f0       0xea /home/pengfei/felix-os/mini-os/build/Neoverse-N3/debug/kernel/lib/ringbuffer.o
 .debug_abbrev  0x00000000000006da       0xa6 /home/pengfei/felix-os/mini-os/build/Neoverse-N3/debug/kernel/lib/string.o
 .debug_abbrev  0x0000000000000780      0x132 /home/pengfei/felix-os/mini-os/build/Neoverse-N3/debug/kernel/scheduler/scheduler.o
 .debug_abbrev  0x00000000000008b2      0x292 /home/pengfei/felix-os/mini-os/build/Neoverse-N3/debug/kernel/shell/shell.o
 .debug_abbrev  0x0000000000000b44      0x21b /home/pengfei/felix-os/mini-os/build/Neoverse-N3/debug/kernel/smp/smp.o
 .debug_abbrev  0x0000000000000d5f       0x2f /home/pengfei/felix-os/mini-os/build/Neoverse-N3/debug/kernel/tests/test_core.o
 .debug_abbrev  0x0000000000000d8e      0x16e /home/pengfei/felix-os/mini-os/build/Neoverse-N3/debug/kernel/topology/topology.o
 .debug_abbrev  0x0000000000000efc       0x12 /home/pengfei/felix-os/mini-os/build/Neoverse-N3/debug/plat/arm/Neoverse-N3/boot/plat_setup.o

.debug_aranges  0x0000000000000000      0x260
 .debug_aranges
                0x0000000000000000       0x30 /home/pengfei/felix-os/mini-os/build/Neoverse-N3/debug/common/debug/print.o
 .debug_aranges
                0x0000000000000030       0x30 /home/pengfei/felix-os/mini-os/build/Neoverse-N3/debug/drivers/console/uart.o
 .debug_aranges
                0x0000000000000060       0x30 /home/pengfei/felix-os/mini-os/build/Neoverse-N3/debug/drivers/gic/gic.o
 .debug_aranges
                0x0000000000000090       0x30 /home/pengfei/felix-os/mini-os/build/Neoverse-N3/debug/kernel/init/main.o
 .debug_aranges
                0x00000000000000c0       0x30 /home/pengfei/felix-os/mini-os/build/Neoverse-N3/debug/kernel/lib/bitmap.o
 .debug_aranges
                0x00000000000000f0       0x30 /home/pengfei/felix-os/mini-os/build/Neoverse-N3/debug/kernel/lib/ringbuffer.o
 .debug_aranges
                0x0000000000000120       0x30 /home/pengfei/felix-os/mini-os/build/Neoverse-N3/debug/kernel/lib/string.o
 .debug_aranges
                0x0000000000000150       0x30 /home/pengfei/felix-os/mini-os/build/Neoverse-N3/debug/kernel/scheduler/scheduler.o
 .debug_aranges
                0x0000000000000180       0x30 /home/pengfei/felix-os/mini-os/build/Neoverse-N3/debug/kernel/shell/shell.o
 .debug_aranges
                0x00000000000001b0       0x30 /home/pengfei/felix-os/mini-os/build/Neoverse-N3/debug/kernel/smp/smp.o
 .debug_aranges
                0x00000000000001e0       0x30 /home/pengfei/felix-os/mini-os/build/Neoverse-N3/debug/kernel/tests/test_core.o
 .debug_aranges
                0x0000000000000210       0x30 /home/pengfei/felix-os/mini-os/build/Neoverse-N3/debug/kernel/topology/topology.o
 .debug_aranges
                0x0000000000000240       0x20 /home/pengfei/felix-os/mini-os/build/Neoverse-N3/debug/plat/arm/Neoverse-N3/boot/plat_setup.o

.debug_macro    0x0000000000000000     0x14d0
 .debug_macro   0x0000000000000000       0xbd /home/pengfei/felix-os/mini-os/build/Neoverse-N3/debug/common/debug/print.o
 .debug_macro   0x00000000000000bd      0xa48 /home/pengfei/felix-os/mini-os/build/Neoverse-N3/debug/common/debug/print.o
 .debug_macro   0x0000000000000b05       0x58 /home/pengfei/felix-os/mini-os/build/Neoverse-N3/debug/common/debug/print.o
 .debug_macro   0x0000000000000b5d      0x190 /home/pengfei/felix-os/mini-os/build/Neoverse-N3/debug/common/debug/print.o
 .debug_macro   0x0000000000000ced      0x34e /home/pengfei/felix-os/mini-os/build/Neoverse-N3/debug/common/debug/print.o
 .debug_macro   0x000000000000103b       0x22 /home/pengfei/felix-os/mini-os/build/Neoverse-N3/debug/common/debug/print.o
 .debug_macro   0x000000000000105d       0x2e /home/pengfei/felix-os/mini-os/build/Neoverse-N3/debug/common/debug/print.o
 .debug_macro   0x000000000000108b       0x6a /home/pengfei/felix-os/mini-os/build/Neoverse-N3/debug/common/debug/print.o
 .debug_macro   0x00000000000010f5       0x4e /home/pengfei/felix-os/mini-os/build/Neoverse-N3/debug/drivers/console/uart.o
 .debug_macro   0x0000000000001143       0x1b /home/pengfei/felix-os/mini-os/build/Neoverse-N3/debug/drivers/gic/gic.o
 .debug_macro   0x000000000000115e       0xa0 /home/pengfei/felix-os/mini-os/build/Neoverse-N3/debug/kernel/init/main.o
 .debug_macro   0x00000000000011fe       0x46 /home/pengfei/felix-os/mini-os/build/Neoverse-N3/debug/kernel/lib/bitmap.o
 .debug_macro   0x0000000000001244       0x40 /home/pengfei/felix-os/mini-os/build/Neoverse-N3/debug/kernel/lib/ringbuffer.o
 .debug_macro   0x0000000000001284       0x24 /home/pengfei/felix-os/mini-os/build/Neoverse-N3/debug/kernel/lib/string.o
 .debug_macro   0x00000000000012a8       0x53 /home/pengfei/felix-os/mini-os/build/Neoverse-N3/debug/kernel/scheduler/scheduler.o
 .debug_macro   0x00000000000012fb       0xa2 /home/pengfei/felix-os/mini-os/build/Neoverse-N3/debug/kernel/shell/shell.o
 .debug_macro   0x000000000000139d       0x94 /home/pengfei/felix-os/mini-os/build/Neoverse-N3/debug/kernel/smp/smp.o
 .debug_macro   0x0000000000001431       0x1b /home/pengfei/felix-os/mini-os/build/Neoverse-N3/debug/kernel/tests/test_core.o
 .debug_macro   0x000000000000144c       0x73 /home/pengfei/felix-os/mini-os/build/Neoverse-N3/debug/kernel/topology/topology.o
 .debug_macro   0x00000000000014bf       0x11 /home/pengfei/felix-os/mini-os/build/Neoverse-N3/debug/plat/arm/Neoverse-N3/boot/plat_setup.o

.debug_line     0x0000000000000000     0x1979
 .debug_line    0x0000000000000000      0x716 /home/pengfei/felix-os/mini-os/build/Neoverse-N3/debug/common/debug/print.o
 .debug_line    0x0000000000000716      0x2f2 /home/pengfei/felix-os/mini-os/build/Neoverse-N3/debug/drivers/console/uart.o
 .debug_line    0x0000000000000a08       0x57 /home/pengfei/felix-os/mini-os/build/Neoverse-N3/debug/drivers/gic/gic.o
 .debug_line    0x0000000000000a5f       0xce /home/pengfei/felix-os/mini-os/build/Neoverse-N3/debug/kernel/init/main.o
 .debug_line    0x0000000000000b2d       0xac /home/pengfei/felix-os/mini-os/build/Neoverse-N3/debug/kernel/lib/bitmap.o
 .debug_line    0x0000000000000bd9       0xff /home/pengfei/felix-os/mini-os/build/Neoverse-N3/debug/kernel/lib/ringbuffer.o
 .debug_line    0x0000000000000cd8       0xa9 /home/pengfei/felix-os/mini-os/build/Neoverse-N3/debug/kernel/lib/string.o
 .debug_line    0x0000000000000d81       0xc8 /home/pengfei/felix-os/mini-os/build/Neoverse-N3/debug/kernel/scheduler/scheduler.o
 .debug_line    0x0000000000000e49      0x6c9 /home/pengfei/felix-os/mini-os/build/Neoverse-N3/debug/kernel/shell/shell.o
 .debug_line    0x0000000000001512      0x204 /home/pengfei/felix-os/mini-os/build/Neoverse-N3/debug/kernel/smp/smp.o
 .debug_line    0x0000000000001716       0x57 /home/pengfei/felix-os/mini-os/build/Neoverse-N3/debug/kernel/tests/test_core.o
 .debug_line    0x000000000000176d      0x1d2 /home/pengfei/felix-os/mini-os/build/Neoverse-N3/debug/kernel/topology/topology.o
 .debug_line    0x000000000000193f       0x3a /home/pengfei/felix-os/mini-os/build/Neoverse-N3/debug/plat/arm/Neoverse-N3/boot/plat_setup.o

.debug_str      0x0000000000000000     0x4ee8
 .debug_str     0x0000000000000000     0x4ee8 /home/pengfei/felix-os/mini-os/build/Neoverse-N3/debug/common/debug/print.o
                                       0x47f4 (size before relaxing)
 .debug_str     0x0000000000004ee8     0x440e /home/pengfei/felix-os/mini-os/build/Neoverse-N3/debug/drivers/console/uart.o
 .debug_str     0x0000000000004ee8     0x32cc /home/pengfei/felix-os/mini-os/build/Neoverse-N3/debug/drivers/gic/gic.o
 .debug_str     0x0000000000004ee8     0x444b /home/pengfei/felix-os/mini-os/build/Neoverse-N3/debug/kernel/init/main.o
 .debug_str     0x0000000000004ee8     0x416f /home/pengfei/felix-os/mini-os/build/Neoverse-N3/debug/kernel/lib/bitmap.o
 .debug_str     0x0000000000004ee8     0x41a6 /home/pengfei/felix-os/mini-os/build/Neoverse-N3/debug/kernel/lib/ringbuffer.o
 .debug_str     0x0000000000004ee8     0x367a /home/pengfei/felix-os/mini-os/build/Neoverse-N3/debug/kernel/lib/string.o
 .debug_str     0x0000000000004ee8     0x4266 /home/pengfei/felix-os/mini-os/build/Neoverse-N3/debug/kernel/scheduler/scheduler.o
 .debug_str     0x0000000000004ee8     0x4742 /home/pengfei/felix-os/mini-os/build/Neoverse-N3/debug/kernel/shell/shell.o
 .debug_str     0x0000000000004ee8     0x462f /home/pengfei/felix-os/mini-os/build/Neoverse-N3/debug/kernel/smp/smp.o
 .debug_str     0x0000000000004ee8     0x32cd /home/pengfei/felix-os/mini-os/build/Neoverse-N3/debug/kernel/tests/test_core.o
 .debug_str     0x0000000000004ee8     0x43d3 /home/pengfei/felix-os/mini-os/build/Neoverse-N3/debug/kernel/topology/topology.o
 .debug_str     0x0000000000004ee8     0x32aa /home/pengfei/felix-os/mini-os/build/Neoverse-N3/debug/plat/arm/Neoverse-N3/boot/plat_setup.o

.debug_line_str
                0x0000000000000000      0x72e
 .debug_line_str
                0x0000000000000000      0x72e /home/pengfei/felix-os/mini-os/build/Neoverse-N3/debug/common/debug/print.o
                                        0x21c (size before relaxing)
 .debug_line_str
                0x000000000000072e      0x1cf /home/pengfei/felix-os/mini-os/build/Neoverse-N3/debug/drivers/console/uart.o
 .debug_line_str
                0x000000000000072e       0xe5 /home/pengfei/felix-os/mini-os/build/Neoverse-N3/debug/drivers/gic/gic.o
 .debug_line_str
                0x000000000000072e      0x267 /home/pengfei/felix-os/mini-os/build/Neoverse-N3/debug/kernel/init/main.o
 .debug_line_str
                0x000000000000072e      0x17d /home/pengfei/felix-os/mini-os/build/Neoverse-N3/debug/kernel/lib/bitmap.o
 .debug_line_str
                0x000000000000072e      0x18d /home/pengfei/felix-os/mini-os/build/Neoverse-N3/debug/kernel/lib/ringbuffer.o
 .debug_line_str
                0x000000000000072e      0x15d /home/pengfei/felix-os/mini-os/build/Neoverse-N3/debug/kernel/lib/string.o
 .debug_line_str
                0x000000000000072e      0x217 /home/pengfei/felix-os/mini-os/build/Neoverse-N3/debug/kernel/scheduler/scheduler.o
 .debug_line_str
                0x000000000000072e      0x226 /home/pengfei/felix-os/mini-os/build/Neoverse-N3/debug/kernel/shell/shell.o
 .debug_line_str
                0x000000000000072e      0x214 /home/pengfei/felix-os/mini-os/build/Neoverse-N3/debug/kernel/smp/smp.o
 .debug_line_str
                0x000000000000072e       0xef /home/pengfei/felix-os/mini-os/build/Neoverse-N3/debug/kernel/tests/test_core.o
 .debug_line_str
                0x000000000000072e      0x1d6 /home/pengfei/felix-os/mini-os/build/Neoverse-N3/debug/kernel/topology/topology.o
 .debug_line_str
                0x000000000000072e       0xd7 /home/pengfei/felix-os/mini-os/build/Neoverse-N3/debug/plat/arm/Neoverse-N3/boot/plat_setup.o

.debug_frame    0x0000000000000000      0xef0
 .debug_frame   0x0000000000000000      0x3b0 /home/pengfei/felix-os/mini-os/build/Neoverse-N3/debug/common/debug/print.o
 .debug_frame   0x00000000000003b0      0x248 /home/pengfei/felix-os/mini-os/build/Neoverse-N3/debug/drivers/console/uart.o
 .debug_frame   0x00000000000005f8       0x28 /home/pengfei/felix-os/mini-os/build/Neoverse-N3/debug/drivers/gic/gic.o
 .debug_frame   0x0000000000000620       0x88 /home/pengfei/felix-os/mini-os/build/Neoverse-N3/debug/kernel/init/main.o
 .debug_frame   0x00000000000006a8       0x70 /home/pengfei/felix-os/mini-os/build/Neoverse-N3/debug/kernel/lib/bitmap.o
 .debug_frame   0x0000000000000718       0xc0 /home/pengfei/felix-os/mini-os/build/Neoverse-N3/debug/kernel/lib/ringbuffer.o
 .debug_frame   0x00000000000007d8       0x50 /home/pengfei/felix-os/mini-os/build/Neoverse-N3/debug/kernel/lib/string.o
 .debug_frame   0x0000000000000828       0x98 /home/pengfei/felix-os/mini-os/build/Neoverse-N3/debug/kernel/scheduler/scheduler.o
 .debug_frame   0x00000000000008c0      0x360 /home/pengfei/felix-os/mini-os/build/Neoverse-N3/debug/kernel/shell/shell.o
 .debug_frame   0x0000000000000c20      0x148 /home/pengfei/felix-os/mini-os/build/Neoverse-N3/debug/kernel/smp/smp.o
 .debug_frame   0x0000000000000d68       0x28 /home/pengfei/felix-os/mini-os/build/Neoverse-N3/debug/kernel/tests/test_core.o
 .debug_frame   0x0000000000000d90      0x160 /home/pengfei/felix-os/mini-os/build/Neoverse-N3/debug/kernel/topology/topology.o
